Archive member included to satisfy reference by file (symbol)

app/libapp.a(main.c.obj)      (--whole-archive)
app/libapp.a(io.c.obj)        (--whole-archive)
app/libapp.a(flash_map_extended.c.obj)
                              (--whole-archive)
app/libapp.a(os.c.obj)        (--whole-archive)
app/libapp.a(keys.c.obj)      (--whole-archive)
app/libapp.a(image_validate.c.obj)
                              (--whole-archive)
app/libapp.a(tlv.c.obj)       (--whole-archive)
app/libapp.a(encrypted.c.obj)
                              (--whole-archive)
app/libapp.a(image_rsa.c.obj)
                              (--whole-archive)
app/libapp.a(image_ecdsa.c.obj)
                              (--whole-archive)
app/libapp.a(image_ed25519.c.obj)
                              (--whole-archive)
app/libapp.a(bootutil_misc.c.obj)
                              (--whole-archive)
app/libapp.a(fault_injection_hardening.c.obj)
                              (--whole-archive)
app/libapp.a(loader.c.obj)    (--whole-archive)
app/libapp.a(swap_misc.c.obj)
                              (--whole-archive)
app/libapp.a(caps.c.obj)      (--whole-archive)
app/libapp.a(swap_scratch.c.obj)
                              (--whole-archive)
app/libapp.a(autogen-pubkey.c.obj)
                              (--whole-archive)
app/libapp.a(arm_cleanup.c.obj)
                              (--whole-archive)
app/libapp.a(nrf_cleanup.c.obj)
                              (--whole-archive)
zephyr/libzephyr.a(heap.c.obj)
                              (--whole-archive)
zephyr/libzephyr.a(cbprintf_packaged.c.obj)
                              (--whole-archive)
zephyr/libzephyr.a(printk.c.obj)
                              (--whole-archive)
zephyr/libzephyr.a(sem.c.obj)
                              (--whole-archive)
zephyr/libzephyr.a(thread_entry.c.obj)
                              (--whole-archive)
zephyr/libzephyr.a(cbprintf_nano.c.obj)
                              (--whole-archive)
zephyr/libzephyr.a(cbprintf.c.obj)
                              (--whole-archive)
zephyr/libzephyr.a(assert.c.obj)
                              (--whole-archive)
zephyr/libzephyr.a(dec.c.obj)
                              (--whole-archive)
zephyr/libzephyr.a(hex.c.obj)
                              (--whole-archive)
zephyr/libzephyr.a(rb.c.obj)  (--whole-archive)
zephyr/libzephyr.a(timeutil.c.obj)
                              (--whole-archive)
zephyr/libzephyr.a(bitarray.c.obj)
                              (--whole-archive)
zephyr/libzephyr.a(onoff.c.obj)
                              (--whole-archive)
zephyr/libzephyr.a(notify.c.obj)
                              (--whole-archive)
zephyr/libzephyr.a(last_section_id.c.obj)
                              (--whole-archive)
zephyr/libzephyr.a(configs.c.obj)
                              (--whole-archive)
zephyr/libzephyr.a(log_minimal.c.obj)
                              (--whole-archive)
zephyr/libzephyr.a(flash_map.c.obj)
                              (--whole-archive)
zephyr/libzephyr.a(flash_map_layout.c.obj)
                              (--whole-archive)
zephyr/libzephyr.a(tracing_none.c.obj)
                              (--whole-archive)
zephyr/libzephyr.a(flash_util.c.obj)
                              (--whole-archive)
zephyr/libzephyr.a(banner.c.obj)
                              (--whole-archive)
zephyr/libzephyr.a(flash_map_partition_manager.c.obj)
                              (--whole-archive)
zephyr/libzephyr.a(nrf_cc3xx_platform_abort_zephyr.c.obj)
                              (--whole-archive)
zephyr/libzephyr.a(nrf_cc3xx_platform_no_mutex_zephyr.c.obj)
                              (--whole-archive)
zephyr/arch/common/libarch__common.a(sw_isr_common.c.obj)
                              (--whole-archive)
zephyr/arch/arch/arm/core/libarch__arm__core.a(fatal.c.obj)
                              (--whole-archive)
zephyr/arch/arch/arm/core/libarch__arm__core.a(nmi.c.obj)
                              (--whole-archive)
zephyr/arch/arch/arm/core/libarch__arm__core.a(nmi_on_reset.S.obj)
                              (--whole-archive)
zephyr/arch/arch/arm/core/cortex_m/libarch__arm__core__cortex_m.a(exc_exit.c.obj)
                              (--whole-archive)
zephyr/arch/arch/arm/core/cortex_m/libarch__arm__core__cortex_m.a(fault.c.obj)
                              (--whole-archive)
zephyr/arch/arch/arm/core/cortex_m/libarch__arm__core__cortex_m.a(fault_s.S.obj)
                              (--whole-archive)
zephyr/arch/arch/arm/core/cortex_m/libarch__arm__core__cortex_m.a(fpu.c.obj)
                              (--whole-archive)
zephyr/arch/arch/arm/core/cortex_m/libarch__arm__core__cortex_m.a(reset.S.obj)
                              (--whole-archive)
zephyr/arch/arch/arm/core/cortex_m/libarch__arm__core__cortex_m.a(scb.c.obj)
                              (--whole-archive)
zephyr/arch/arch/arm/core/cortex_m/libarch__arm__core__cortex_m.a(thread_abort.c.obj)
                              (--whole-archive)
[...]
Memory Configuration

Name             Origin             Length             Attributes
FLASH            0x0000000000000000 0x000000000000c000 xr
RAM              0x0000000020000000 0x0000000000080000 xw
IDT_LIST         0x00000000ffff7fff 0x0000000000008000 xw
*default*        0x0000000000000000 0xffffffffffffffff

Linker script and memory map

LOAD zephyr/CMakeFiles/zephyr_final.dir/misc/empty_file.c.obj
LOAD zephyr/CMakeFiles/zephyr_final.dir/isr_tables.c.obj
LOAD zephyr/CMakeFiles/offsets.dir/./arch/arm/core/offsets/offsets.c.obj
LOAD app/libapp.a
LOAD zephyr/libzephyr.a
LOAD zephyr/arch/common/libarch__common.a
LOAD zephyr/arch/arch/arm/core/libarch__arm__core.a
LOAD zephyr/arch/arch/arm/core/cortex_m/libarch__arm__core__cortex_m.a
LOAD zephyr/arch/arch/arm/core/cortex_m/cmse/libarch__arm__core__cortex_m__cmse.a
LOAD zephyr/lib/libc/minimal/liblib__libc__minimal.a
LOAD zephyr/lib/libc/common/liblib__libc__common.a
LOAD zephyr/soc/soc/nrf5340/libsoc__nordic.a
LOAD zephyr/drivers/clock_control/libdrivers__clock_control.a
LOAD zephyr/drivers/flash/libdrivers__flash.a
LOAD zephyr/drivers/gpio/libdrivers__gpio.a
LOAD zephyr/drivers/pinctrl/libdrivers__pinctrl.a
LOAD zephyr/drivers/timer/libdrivers__timer.a
LOAD modules/nrf/lib/fprotect/lib..__nrf__lib__fprotect.a
LOAD modules/nrf/drivers/hw_cc3xx/lib..__nrf__drivers__hw_cc3xx.a
LOAD modules/mcuboot/boot/bootutil/zephyr/libmcuboot_util.a
LOAD modules/mbedtls/libmbedTLSBase.a
LOAD modules/mbedtls/libmbedTLSCrypto.a
LOAD modules/mbedtls/libmbedTLSX509.a
LOAD modules/mbedtls/libmodules__mbedtls.a
LOAD modules/hal_nordic/modules/hal_nordic/nrfx/libmodules__hal_nordic__nrfx.a
LOAD zephyr/kernel/libkernel.a
LOAD zephyr/arch/common/libisr_tables.a
LOAD modules/mbedtls/libmbedTLSBase.a
LOAD modules/mbedtls/libmbedTLSCrypto.a
LOAD modules/mbedtls/libmbedTLSX509.a
LOAD /opt/nordic/ncs/v3.0.0/nrfxlib/crypto/nrf_cc312_platform/lib/cortex-m33/soft-float/no-interrupts/libnrf_cc312_platform_0.9.19.a
LOAD /opt/nordic/ncs/toolchains/ef4fc6722e/opt/zephyr-sdk/arm-zephyr-eabi/bin/../lib/gcc/arm-zephyr-eabi/12.2.0/thumb/v8-m.main/nofp/libgcc.a
                0x0000000000000004                _region_min_align = 0x4

.rel.plt        0x0000000000000000        0x0
 *(SORT_BY_ALIGNMENT(.rel.plt))
                [!provide]                        PROVIDE (__rel_iplt_start = .)
 *(SORT_BY_ALIGNMENT(.rel.iplt))
 .rel.iplt      0x0000000000000000        0x0 zephyr/CMakeFiles/zephyr_final.dir/isr_tables.c.obj
                [!provide]                        PROVIDE (__rel_iplt_end = .)

.rela.plt       0x0000000000000000        0x0
 *(SORT_BY_ALIGNMENT(.rela.plt))
                [!provide]                        PROVIDE (__rela_iplt_start = .)
 *(SORT_BY_ALIGNMENT(.rela.iplt))
                [!provide]                        PROVIDE (__rela_iplt_end = .)

.rel.dyn
 *(SORT_BY_ALIGNMENT(.rel.*))

.rela.dyn
 *(SORT_BY_ALIGNMENT(.rela.*))

/DISCARD/
 *(SORT_BY_ALIGNMENT(.plt))

/DISCARD/
 *(SORT_BY_ALIGNMENT(.iplt))
                0x0000000000000000                __rom_region_start = 0x0

rom_start       0x0000000000000000      0x154
                0x0000000000000000                __rom_start_address = .
 FILL mask 0x00
                0x0000000000000000                . = (. + (0x0 - (. - __rom_start_address)))
                0x0000000000000000                . = ALIGN (0x4)
                0x0000000000000000                . = ALIGN (0x80)
                0x0000000000000000                . = ALIGN (0x200)
                0x0000000000000000                _vector_start = .
 *(SORT_BY_ALIGNMENT(.exc_vector_table))
 *(SORT_BY_ALIGNMENT(.exc_vector_table.*))
 .exc_vector_table._vector_table_section
                0x0000000000000000       0x40 zephyr/arch/arch/arm/core/cortex_m/libarch__arm__core__cortex_m.a(vector_table.S.obj)
                0x0000000000000000                _vector_table
 *(SORT_BY_ALIGNMENT(.vectors))
                0x0000000000000154                _vector_end = .
                0x0000000000000040                . = ALIGN (0x4)
 *(SORT_BY_ALIGNMENT(.gnu.linkonce.irq_vector_table*))
 .gnu.linkonce.irq_vector_table
                0x0000000000000040      0x114 zephyr/CMakeFiles/zephyr_final.dir/isr_tables.c.obj
                0x0000000000000040                _irq_vector_table
                0x0000000000000154                _vector_end = .

text            0x0000000000000154     0x7784
                0x0000000000000154                __text_region_start = .
 *(SORT_BY_ALIGNMENT(.text))
 .text          0x0000000000000154       0x30 /opt/nordic/ncs/toolchains/ef4fc6722e/opt/zephyr-sdk/arm-zephyr-eabi/bin/../lib/gcc/arm-zephyr-eabi/12.2.0/thumb/v8-m.main/nofp/libgcc.a(_aeabi_uldivmod.o)
                0x0000000000000154                __aeabi_uldivmod
 .text          0x0000000000000184        0x4 /opt/nordic/ncs/toolchains/ef4fc6722e/opt/zephyr-sdk/arm-zephyr-eabi/bin/../lib/gcc/arm-zephyr-eabi/12.2.0/thumb/v8-m.main/nofp/libgcc.a(_dvmd_tls.o)
                0x0000000000000184                __aeabi_ldiv0
                0x0000000000000184                __aeabi_idiv0
 .text          0x0000000000000188      0x29c /opt/nordic/ncs/toolchains/ef4fc6722e/opt/zephyr-sdk/arm-zephyr-eabi/bin/../lib/gcc/arm-zephyr-eabi/12.2.0/thumb/v8-m.main/nofp/libgcc.a(_udivmoddi4.o)
                0x0000000000000188                __udivmoddi4
 *(SORT_BY_ALIGNMENT(.text.*))
 .text.main     0x0000000000000424      0x138 app/libapp.a(main.c.obj)
                0x0000000000000424                main
 .text.flash_device_base
                0x000000000000055c       0x20 app/libapp.a(flash_map_extended.c.obj)
                0x000000000000055c                flash_device_base
 .text.flash_area_id_from_multi_image_slot
                0x000000000000057c       0x24 app/libapp.a(flash_map_extended.c.obj)
                0x000000000000057c                flash_area_id_from_multi_image_slot
 .text.os_heap_init
                0x00000000000005a0       0x10 app/libapp.a(os.c.obj)
                0x00000000000005a0                os_heap_init
 .text.bootutil_img_validate
                0x00000000000005b0      0x238 app/libapp.a(image_validate.c.obj)
                0x00000000000005b0                bootutil_img_validate
 .text.bootutil_cmp_rsasig
                0x00000000000007e8      0x140 app/libapp.a(image_rsa.c.obj)
 .text.bootutil_verify_sig
                0x0000000000000928       0xe4 app/libapp.a(image_rsa.c.obj)
                0x0000000000000928                bootutil_verify_sig
 .text.boot_fih_memequal
                0x0000000000000a0c       0x30 app/libapp.a(bootutil_misc.c.obj)
                0x0000000000000a0c                boot_fih_memequal
 .text.fih_cfi_get_and_increment
                0x0000000000000a3c       0x10 app/libapp.a(fault_injection_hardening.c.obj)
                0x0000000000000a3c                fih_cfi_get_and_increment
 .text.fih_cfi_decrement
                0x0000000000000a4c       0x10 app/libapp.a(fault_injection_hardening.c.obj)
                0x0000000000000a4c                fih_cfi_decrement
 .text.fih_cfi_validate
                0x0000000000000a5c       0x14 app/libapp.a(fault_injection_hardening.c.obj)
                0x0000000000000a5c                fih_cfi_validate
 .text.boot_validate_slot.constprop.0.isra.0
                0x0000000000000a70       0xec app/libapp.a(loader.c.obj)
 .text.boot_copy_region
                0x0000000000000b5c       0xac app/libapp.a(loader.c.obj)
                0x0000000000000b5c                boot_copy_region
 .text.context_boot_go
                0x0000000000000c08      0x31c app/libapp.a(loader.c.obj)
                0x0000000000000c08                context_boot_go
 .text.boot_go  0x0000000000000f24       0x34 app/libapp.a(loader.c.obj)
                0x0000000000000f24                boot_go
 .text.boot_slots_compatible
                0x0000000000000f58       0xa0 app/libapp.a(swap_scratch.c.obj)
                0x0000000000000f58                boot_slots_compatible
 .text.cleanup_arm_nvic
                0x0000000000000ff8       0x38 app/libapp.a(arm_cleanup.c.obj)
                0x0000000000000ff8                cleanup_arm_nvic
 .text.z_arm_clear_arm_mpu_config
                0x0000000000001030       0x24 app/libapp.a(arm_cleanup.c.obj)
                0x0000000000001030                z_arm_clear_arm_mpu_config
 .text.nrf_cleanup_peripheral
                0x0000000000001054       0x9c app/libapp.a(nrf_cleanup.c.obj)
                0x0000000000001054                nrf_cleanup_peripheral
 .text.nrf_cleanup_ns_ram
                0x00000000000010f0       0x10 app/libapp.a(nrf_cleanup.c.obj)
                0x00000000000010f0                nrf_cleanup_ns_ram
 .text.char_out
                0x0000000000001100        0xc zephyr/libzephyr.a(printk.c.obj)
 .text.vprintk  0x000000000000110c       0x1c zephyr/libzephyr.a(printk.c.obj)
                0x000000000000110c                vprintk
 .text.z_cbvprintf_impl
                0x0000000000001128      0x444 zephyr/libzephyr.a(cbprintf_nano.c.obj)
                0x0000000000001128                z_cbvprintf_impl
 .text.process_event
                0x000000000000156c      0x21c zephyr/libzephyr.a(onoff.c.obj)
 .text.flash_area_open
                0x0000000000001788       0x4c zephyr/libzephyr.a(flash_map.c.obj)
                0x0000000000001788                flash_area_open
 .text.flash_area_sectors
                0x00000000000017d4       0x34 zephyr/libzephyr.a(flash_map_layout.c.obj)
                0x00000000000017d4                flash_area_sectors
 .text.boot_banner
                0x0000000000001808       0x24 zephyr/libzephyr.a(banner.c.obj)
                0x0000000000001808                boot_banner
 .text.nrf_cc3xx_platform_abort_init
                0x000000000000182c        0xc zephyr/libzephyr.a(nrf_cc3xx_platform_abort_zephyr.c.obj)
                0x000000000000182c                nrf_cc3xx_platform_abort_init
 .text.z_SysNmiOnReset
                0x0000000000001838        0x8 zephyr/arch/arch/arm/core/libarch__arm__core.a(nmi_on_reset.S.obj)
                0x0000000000001838                z_SysNmiOnReset
 .text.usage_fault.constprop.0
                0x0000000000001840       0x5c zephyr/arch/arch/arm/core/cortex_m/libarch__arm__core__cortex_m.a(fault.c.obj)
 .text.bus_fault.constprop.0
                0x000000000000189c       0x6c zephyr/arch/arch/arm/core/cortex_m/libarch__arm__core__cortex_m.a(fault.c.obj)
 .text.mem_manage_fault.constprop.0
                0x0000000000001908       0x78 zephyr/arch/arch/arm/core/cortex_m/libarch__arm__core__cortex_m.a(fault.c.obj)
 .text.z_arm_fault
                0x0000000000001980      0x118 zephyr/arch/arch/arm/core/cortex_m/libarch__arm__core__cortex_m.a(fault.c.obj)
                0x0000000000001980                z_arm_fault
 .text.z_arm_fault_init
                0x0000000000001a98       0x20 zephyr/arch/arch/arm/core/cortex_m/libarch__arm__core__cortex_m.a(fault.c.obj)
                0x0000000000001a98                z_arm_fault_init
 .text.__fault  0x0000000000001ab8       0x14 zephyr/arch/arch/arm/core/cortex_m/libarch__arm__core__cortex_m.a(fault_s.S.obj)
                0x0000000000001ab8                z_arm_bus_fault
                0x0000000000001ab8                z_arm_usage_fault
                0x0000000000001ab8                z_arm_mpu_fault
                0x0000000000001ab8                z_arm_exc_spurious
                0x0000000000001ab8                z_arm_debug_monitor
                0x0000000000001ab8                z_arm_hard_fault
 .text._reset_section
                0x0000000000001acc       0x60 zephyr/arch/arch/arm/core/cortex_m/libarch__arm__core__cortex_m.a(reset.S.obj)
                0x0000000000001acc                z_arm_reset
                0x0000000000001acc                __start
 .text.z_arm_init_arch_hw_at_boot
                0x0000000000001b2c       0x44 zephyr/arch/arch/arm/core/cortex_m/libarch__arm__core__cortex_m.a(scb.c.obj)
                0x0000000000001b2c                z_arm_init_arch_hw_at_boot
 .text.z_arm_svc
                0x0000000000001b70       0x24 zephyr/arch/arch/arm/core/cortex_m/libarch__arm__core__cortex_m.a(swap_helper.S.obj)
                0x0000000000001b70                z_arm_svc
 .text.arch_irq_enable
                0x0000000000001b94       0x1c zephyr/arch/arch/arm/core/cortex_m/libarch__arm__core__cortex_m.a(irq_manage.c.obj)
                0x0000000000001b94                arch_irq_enable
 .text.arch_irq_disable
                0x0000000000001bb0       0x28 zephyr/arch/arch/arm/core/cortex_m/libarch__arm__core__cortex_m.a(irq_manage.c.obj)
                0x0000000000001bb0                arch_irq_disable
 .text.arch_irq_is_enabled
                0x0000000000001bd8       0x1c zephyr/arch/arch/arm/core/cortex_m/libarch__arm__core__cortex_m.a(irq_manage.c.obj)
                0x0000000000001bd8                arch_irq_is_enabled
 .text.z_arm_irq_priority_set
                0x0000000000001bf4       0x2c zephyr/arch/arch/arm/core/cortex_m/libarch__arm__core__cortex_m.a(irq_manage.c.obj)
                0x0000000000001bf4                z_arm_irq_priority_set
 .text.z_prep_c
                0x0000000000001c20       0x38 zephyr/arch/arch/arm/core/cortex_m/libarch__arm__core__cortex_m.a(prep_c.c.obj)
                0x0000000000001c20                z_prep_c
 .text.z_arm_switch_to_main_no_multithreading
                0x0000000000001c58       0x40 zephyr/arch/arch/arm/core/cortex_m/libarch__arm__core__cortex_m.a(thread.c.obj)
                0x0000000000001c58                z_arm_switch_to_main_no_multithreading
 .text.z_arm_cpu_idle_init
                0x0000000000001c98        0xc zephyr/arch/arch/arm/core/cortex_m/libarch__arm__core__cortex_m.a(cpu_idle.c.obj)
                0x0000000000001c98                z_arm_cpu_idle_init
 .text.z_arm_interrupt_init
                0x0000000000001ca4       0x18 zephyr/arch/arch/arm/core/cortex_m/libarch__arm__core__cortex_m.a(irq_init.c.obj)
                0x0000000000001ca4                z_arm_interrupt_init
 .text._isr_wrapper
                0x0000000000001cbc       0x24 zephyr/arch/arch/arm/core/cortex_m/libarch__arm__core__cortex_m.a(isr_wrapper.c.obj)
                0x0000000000001cbc                _isr_wrapper
 .text.rtc_pretick_init
                0x0000000000001ce0       0x60 zephyr/soc/soc/nrf5340/libsoc__nordic.a(soc.c.obj)
 .text.nrf_gpio_pin_control_select.constprop.0
                0x0000000000001d40       0x1c zephyr/soc/soc/nrf5340/libsoc__nordic.a(soc.c.obj)
 .text.nordicsemi_nrf53_init
                0x0000000000001d5c       0x38 zephyr/soc/soc/nrf5340/libsoc__nordic.a(soc.c.obj)
 .text.z_arm_on_enter_cpu_idle
                0x0000000000001d94       0x64 zephyr/soc/soc/nrf5340/libsoc__nordic.a(soc.c.obj)
                0x0000000000001d94                z_arm_on_enter_cpu_idle
 .text.arch_busy_wait
                0x0000000000001df8       0x24 zephyr/soc/soc/nrf5340/libsoc__nordic.a(soc.c.obj)
                0x0000000000001df8                arch_busy_wait
 .text.nrf53_cpunet_mgmt_init
                0x0000000000001e1c       0x10 zephyr/soc/soc/nrf5340/libsoc__nordic.a(nrf53_cpunet_mgmt.c.obj)
 .text.onoff_start
                0x0000000000001e2c       0x6c zephyr/soc/soc/nrf5340/libsoc__nordic.a(nrf53_cpunet_mgmt.c.obj)
 .text.onoff_stop
                0x0000000000001e98       0x30 zephyr/drivers/clock_control/libdrivers__clock_control.a(clock_control_nrf.c.obj)
 .text.onoff_start
                0x0000000000001ec8       0x44 zephyr/drivers/clock_control/libdrivers__clock_control.a(clock_control_nrf.c.obj)
 .text.generic_hfclk_stop
                0x0000000000001f0c       0x34 zephyr/drivers/clock_control/libdrivers__clock_control.a(clock_control_nrf.c.obj)
 .text.clk_init
                0x0000000000001f40       0x64 zephyr/drivers/clock_control/libdrivers__clock_control.a(clock_control_nrf.c.obj)
 .text.clkstarted_handle.constprop.0
                0x0000000000001fa4       0x4c zephyr/drivers/clock_control/libdrivers__clock_control.a(clock_control_nrf.c.obj)
 .text.generic_hfclk_start
                0x0000000000001ff0       0x78 zephyr/drivers/clock_control/libdrivers__clock_control.a(clock_control_nrf.c.obj)
 .text.clock_event_handler
                0x0000000000002068       0x34 zephyr/drivers/clock_control/libdrivers__clock_control.a(clock_control_nrf.c.obj)
 .text.z_nrf_clock_control_lf_on
                0x000000000000209c       0xf0 zephyr/drivers/clock_control/libdrivers__clock_control.a(clock_control_nrf.c.obj)
                0x000000000000209c                z_nrf_clock_control_lf_on
 .text.qspi_get_zephyr_ret_code
                0x000000000000218c       0x1c zephyr/drivers/flash/libdrivers__flash.a(nrf_qspi_nor.c.obj)
 .text.qspi_nor_pages_layout
                0x00000000000021a8       0x10 zephyr/drivers/flash/libdrivers__flash.a(nrf_qspi_nor.c.obj)
 .text.qspi_flash_get_parameters
                0x00000000000021b8        0x8 zephyr/drivers/flash/libdrivers__flash.a(nrf_qspi_nor.c.obj)
 .text.qspi_clock_div_restore
                0x00000000000021c0       0x30 zephyr/drivers/flash/libdrivers__flash.a(nrf_qspi_nor.c.obj)
 .text.nrf_qspi_pins_set.constprop.0
                0x00000000000021f0       0x5c zephyr/drivers/flash/libdrivers__flash.a(nrf_qspi_nor.c.obj)
 .text.qspi_wait_for_completion.isra.0
                0x000000000000224c       0x44 zephyr/drivers/flash/libdrivers__flash.a(nrf_qspi_nor.c.obj)
 .text.qspi_clock_div_change
                0x0000000000002290       0x34 zephyr/drivers/flash/libdrivers__flash.a(nrf_qspi_nor.c.obj)
 .text.qspi_nor_read
                0x00000000000022c4      0x140 zephyr/drivers/flash/libdrivers__flash.a(nrf_qspi_nor.c.obj)
 .text.qspi_nor_write
                0x0000000000002404      0x110 zephyr/drivers/flash/libdrivers__flash.a(nrf_qspi_nor.c.obj)
 .text.qspi_nor_erase
                0x0000000000002514       0xf4 zephyr/drivers/flash/libdrivers__flash.a(nrf_qspi_nor.c.obj)
 .text.qspi_nor_init
                0x0000000000002608      0x1bc zephyr/drivers/flash/libdrivers__flash.a(nrf_qspi_nor.c.obj)
 .text.flash_nrf_pages_layout
                0x00000000000027c4       0x10 zephyr/drivers/flash/libdrivers__flash.a(soc_flash_nrf.c.obj)
 .text.flash_nrf_get_parameters
                0x00000000000027d4        0x8 zephyr/drivers/flash/libdrivers__flash.a(soc_flash_nrf.c.obj)
 .text.nrf_flash_init
                0x00000000000027dc       0x18 zephyr/drivers/flash/libdrivers__flash.a(soc_flash_nrf.c.obj)
 .text.flash_nrf_write
                0x00000000000027f4       0x4c zephyr/drivers/flash/libdrivers__flash.a(soc_flash_nrf.c.obj)
 .text.gpio_nrfx_pin_interrupt_configure
                0x0000000000002840      0x100 zephyr/drivers/gpio/libdrivers__gpio.a(gpio_nrfx.c.obj)
 .text.gpio_nrfx_init
                0x0000000000002940       0x48 zephyr/drivers/gpio/libdrivers__gpio.a(gpio_nrfx.c.obj)
 .text.nrfx_gpio_handler
                0x0000000000002988       0x4c zephyr/drivers/gpio/libdrivers__gpio.a(gpio_nrfx.c.obj)
 .text.gpio_nrfx_pin_configure
                0x00000000000029d4      0x188 zephyr/drivers/gpio/libdrivers__gpio.a(gpio_nrfx.c.obj)
 .text.pinctrl_configure_pins
                0x0000000000002b5c      0x110 zephyr/drivers/pinctrl/libdrivers__pinctrl.a(pinctrl_nrf.c.obj)
                0x0000000000002b5c                pinctrl_configure_pins
 .text.compare_int_lock
                0x0000000000002c6c       0x40 zephyr/drivers/timer/libdrivers__timer.a(nrf_rtc_timer.c.obj)
 .text.sys_clock_timeout_handler
                0x0000000000002cac       0x48 zephyr/drivers/timer/libdrivers__timer.a(nrf_rtc_timer.c.obj)
 .text.compare_int_unlock
                0x0000000000002cf4       0x4c zephyr/drivers/timer/libdrivers__timer.a(nrf_rtc_timer.c.obj)
 .text.z_nrf_rtc_timer_read
                0x0000000000002d40       0x44 zephyr/drivers/timer/libdrivers__timer.a(nrf_rtc_timer.c.obj)
                0x0000000000002d40                z_nrf_rtc_timer_read
 .text.compare_set
                0x0000000000002d84      0x124 zephyr/drivers/timer/libdrivers__timer.a(nrf_rtc_timer.c.obj)
 .text.sys_clock_driver_init
                0x0000000000002ea8       0x90 zephyr/drivers/timer/libdrivers__timer.a(nrf_rtc_timer.c.obj)
 .text.rtc_nrf_isr
                0x0000000000002f38       0xd0 zephyr/drivers/timer/libdrivers__timer.a(nrf_rtc_timer.c.obj)
                0x0000000000002f38                rtc_nrf_isr
 .text.sys_clock_set_timeout
                0x0000000000003008       0x5c zephyr/drivers/timer/libdrivers__timer.a(nrf_rtc_timer.c.obj)
                0x0000000000003008                sys_clock_set_timeout
 .text.sys_clock_elapsed
                0x0000000000003064       0x14 zephyr/drivers/timer/libdrivers__timer.a(nrf_rtc_timer.c.obj)
                0x0000000000003064                sys_clock_elapsed
 .text.sys_clock_disable
                0x0000000000003078       0x30 zephyr/drivers/timer/libdrivers__timer.a(nrf_rtc_timer.c.obj)
                0x0000000000003078                sys_clock_disable
 .text.fprotect_area
                0x00000000000030a8       0x3c modules/nrf/lib/fprotect/lib..__nrf__lib__fprotect.a(fprotect_spu.c.obj)
                0x00000000000030a8                fprotect_area
 .text.boot_write_magic
                0x00000000000030e4       0x40 modules/mcuboot/boot/bootutil/zephyr/libmcuboot_util.a(bootutil_public.c.obj)
                0x00000000000030e4                boot_write_magic
 .text.boot_read_swap_state
                0x0000000000003124       0xac modules/mcuboot/boot/bootutil/zephyr/libmcuboot_util.a(bootutil_public.c.obj)
                0x0000000000003124                boot_read_swap_state
 .text.boot_swap_type_multi
                0x00000000000031d0      0x100 modules/mcuboot/boot/bootutil/zephyr/libmcuboot_util.a(bootutil_public.c.obj)
                0x00000000000031d0                boot_swap_type_multi
 .text.mbedtls_ct_bool
                0x00000000000032d0       0x18 modules/mbedtls/libmbedTLSBase.a(bignum_core.c.obj)
 .text.mbedtls_mpi_core_cond_assign
                0x00000000000032e8       0x30 modules/mbedtls/libmbedTLSBase.a(bignum_core.c.obj)
                0x00000000000032e8                mbedtls_mpi_core_cond_assign
 .text.mbedtls_mpi_core_exp_mod_optionally_safe
                0x0000000000003318      0x1a0 modules/mbedtls/libmbedTLSBase.a(bignum_core.c.obj)
 .text.mbedtls_ct_mpi_sign_if
                0x00000000000034b8       0x1c modules/mbedtls/libmbedTLSBase.a(bignum.c.obj)
 .text.mbedtls_mpi_div_mpi
                0x00000000000034d4      0x334 modules/mbedtls/libmbedTLSBase.a(bignum.c.obj)
                0x00000000000034d4                mbedtls_mpi_div_mpi
 .text.mbedtls_ct_memcpy_if
                0x0000000000003808       0x88 modules/mbedtls/libmbedTLSBase.a(constant_time.c.obj)
                0x0000000000003808                mbedtls_ct_memcpy_if
 .text.mbedtls_md_info_from_type
                0x0000000000003890       0x10 modules/mbedtls/libmbedTLSBase.a(md.c.obj)
                0x0000000000003890                mbedtls_md_info_from_type
 .text.verify_header
                0x00000000000038a0       0x40 modules/mbedtls/libmbedTLSBase.a(memory_buffer_alloc.c.obj)
 .text.verify_chain
                0x00000000000038e0       0x3c modules/mbedtls/libmbedTLSBase.a(memory_buffer_alloc.c.obj)
 .text.buffer_alloc_calloc
                0x000000000000391c      0x114 modules/mbedtls/libmbedTLSBase.a(memory_buffer_alloc.c.obj)
 .text.buffer_alloc_free
                0x0000000000003a30      0x124 modules/mbedtls/libmbedTLSBase.a(memory_buffer_alloc.c.obj)
 .text.mbedtls_memory_buffer_alloc_init
                0x0000000000003b54       0x68 modules/mbedtls/libmbedTLSBase.a(memory_buffer_alloc.c.obj)
                0x0000000000003b54                mbedtls_memory_buffer_alloc_init
 .text.mbedtls_platform_zeroize
                0x0000000000003bbc       0x18 modules/mbedtls/libmbedTLSBase.a(platform_util.c.obj)
                0x0000000000003bbc                mbedtls_platform_zeroize
 .text.mbedtls_calloc
                0x0000000000003bd4        0xc modules/mbedtls/libmbedTLSBase.a(platform.c.obj)
                0x0000000000003bd4                mbedtls_calloc
 .text.mbedtls_free
                0x0000000000003be0        0xc modules/mbedtls/libmbedTLSBase.a(platform.c.obj)
                0x0000000000003be0                mbedtls_free
 .text.mbedtls_platform_set_calloc_free
                0x0000000000003bec       0x14 modules/mbedtls/libmbedTLSBase.a(platform.c.obj)
                0x0000000000003bec                mbedtls_platform_set_calloc_free
 .text.rsa_check_context.constprop.0
                0x0000000000003c00       0xb8 modules/mbedtls/libmbedTLSBase.a(rsa.c.obj)
 .text.mbedtls_rsa_set_padding
                0x0000000000003cb8       0x30 modules/mbedtls/libmbedTLSBase.a(rsa.c.obj)
                0x0000000000003cb8                mbedtls_rsa_set_padding
 .text.mbedtls_rsa_check_pubkey
                0x0000000000003ce8       0x4c modules/mbedtls/libmbedTLSBase.a(rsa.c.obj)
                0x0000000000003ce8                mbedtls_rsa_check_pubkey
 .text.mbedtls_rsa_public
                0x0000000000003d34       0x90 modules/mbedtls/libmbedTLSBase.a(rsa.c.obj)
                0x0000000000003d34                mbedtls_rsa_public
 .text.mbedtls_sha256_starts
                0x0000000000003dc4       0x5c modules/mbedtls/libmbedTLSBase.a(sha256.c.obj)
                0x0000000000003dc4                mbedtls_sha256_starts
 .text.mbedtls_internal_sha256_process
                0x0000000000003e20      0x130 modules/mbedtls/libmbedTLSBase.a(sha256.c.obj)
                0x0000000000003e20                mbedtls_internal_sha256_process
 .text.nrf53_errata_42
                0x0000000000003f50       0x24 modules/hal_nordic/modules/hal_nordic/nrfx/libmodules__hal_nordic__nrfx.a(system_nrf5340_application.c.obj)
 .text.SystemCoreClockUpdate
                0x0000000000003f74       0x20 modules/hal_nordic/modules/hal_nordic/nrfx/libmodules__hal_nordic__nrfx.a(system_nrf5340_application.c.obj)
                0x0000000000003f74                SystemCoreClockUpdate
 .text.SystemInit
                0x0000000000003f94      0x1c4 modules/hal_nordic/modules/hal_nordic/nrfx/libmodules__hal_nordic__nrfx.a(system_nrf5340_application.c.obj)
                0x0000000000003f94                SystemInit
 .text.nrfx_flag32_alloc
                0x0000000000004158       0x40 modules/hal_nordic/modules/hal_nordic/nrfx/libmodules__hal_nordic__nrfx.a(nrfx_flag32_allocator.c.obj)
                0x0000000000004158                nrfx_flag32_alloc
 .text.nrfx_flag32_free
                0x0000000000004198       0x38 modules/hal_nordic/modules/hal_nordic/nrfx/libmodules__hal_nordic__nrfx.a(nrfx_flag32_allocator.c.obj)
                0x0000000000004198                nrfx_flag32_free
 .text.nrfx_gppi_channels_enable
                0x00000000000041d0        0xc modules/hal_nordic/modules/hal_nordic/nrfx/libmodules__hal_nordic__nrfx.a(nrfx_gppi_dppi.c.obj)
                0x00000000000041d0                nrfx_gppi_channels_enable
 .text.nrfx_gppi_channel_alloc
                0x00000000000041dc        0xc modules/hal_nordic/modules/hal_nordic/nrfx/libmodules__hal_nordic__nrfx.a(nrfx_gppi_dppi.c.obj)
                0x00000000000041dc                nrfx_gppi_channel_alloc
 .text.nrf53_errata_4
                0x00000000000041e8       0x24 modules/hal_nordic/modules/hal_nordic/nrfx/libmodules__hal_nordic__nrfx.a(nrfx_clock.c.obj)
 .text.clock_stop
                0x000000000000420c       0xf4 modules/hal_nordic/modules/hal_nordic/nrfx/libmodules__hal_nordic__nrfx.a(nrfx_clock.c.obj)
 .text.nrfx_clock_init
                0x0000000000004300       0x20 modules/hal_nordic/modules/hal_nordic/nrfx/libmodules__hal_nordic__nrfx.a(nrfx_clock.c.obj)
                0x0000000000004300                nrfx_clock_init
 .text.nrfx_clock_enable
                0x0000000000004320       0x30 modules/hal_nordic/modules/hal_nordic/nrfx/libmodules__hal_nordic__nrfx.a(nrfx_clock.c.obj)
                0x0000000000004320                nrfx_clock_enable
 .text.nrfx_clock_start
                0x0000000000004350       0xd0 modules/hal_nordic/modules/hal_nordic/nrfx/libmodules__hal_nordic__nrfx.a(nrfx_clock.c.obj)
                0x0000000000004350                nrfx_clock_start
 .text.nrfx_clock_divider_set
                0x0000000000004420       0xdc modules/hal_nordic/modules/hal_nordic/nrfx/libmodules__hal_nordic__nrfx.a(nrfx_clock.c.obj)
                0x0000000000004420                nrfx_clock_divider_set
 .text.nrfx_power_clock_irq_handler
                0x00000000000044fc       0x70 modules/hal_nordic/modules/hal_nordic/nrfx/libmodules__hal_nordic__nrfx.a(nrfx_clock.c.obj)
                0x00000000000044fc                nrfx_power_clock_irq_handler
 .text.nrfx_dppi_channel_alloc
                0x000000000000456c       0x10 modules/hal_nordic/modules/hal_nordic/nrfx/libmodules__hal_nordic__nrfx.a(nrfx_dppi.c.obj)
                0x000000000000456c                nrfx_dppi_channel_alloc
 .text.nrf_gpio_pin_port_decode
                0x000000000000457c       0x24 modules/hal_nordic/modules/hal_nordic/nrfx/libmodules__hal_nordic__nrfx.a(nrfx_gpiote.c.obj)
 .text.get_pin_idx
                0x00000000000045a0       0x14 modules/hal_nordic/modules/hal_nordic/nrfx/libmodules__hal_nordic__nrfx.a(nrfx_gpiote.c.obj)
 .text.call_handler.constprop.0
                0x00000000000045b4       0x40 modules/hal_nordic/modules/hal_nordic/nrfx/libmodules__hal_nordic__nrfx.a(nrfx_gpiote.c.obj)
 .text.pin_te_get.constprop.0
                0x00000000000045f4       0x18 modules/hal_nordic/modules/hal_nordic/nrfx/libmodules__hal_nordic__nrfx.a(nrfx_gpiote.c.obj)
 .text.pin_is_output.constprop.0
                0x000000000000460c       0x18 modules/hal_nordic/modules/hal_nordic/nrfx/libmodules__hal_nordic__nrfx.a(nrfx_gpiote.c.obj)
 .text.pin_in_use_by_te.constprop.0
                0x0000000000004624       0x18 modules/hal_nordic/modules/hal_nordic/nrfx/libmodules__hal_nordic__nrfx.a(nrfx_gpiote.c.obj)
 .text.latch_pending_read_and_check
                0x000000000000463c       0x3c modules/hal_nordic/modules/hal_nordic/nrfx/libmodules__hal_nordic__nrfx.a(nrfx_gpiote.c.obj)
 .text.release_handler.isra.0
                0x0000000000004678       0x58 modules/hal_nordic/modules/hal_nordic/nrfx/libmodules__hal_nordic__nrfx.a(nrfx_gpiote.c.obj)
 .text.__nrfy_internal_gpiote_events_process.constprop.0
                0x00000000000046d0       0x5c modules/hal_nordic/modules/hal_nordic/nrfx/libmodules__hal_nordic__nrfx.a(nrfx_gpiote.c.obj)
 .text.pin_uninit
                0x000000000000472c       0x84 modules/hal_nordic/modules/hal_nordic/nrfx/libmodules__hal_nordic__nrfx.a(nrfx_gpiote.c.obj)
 .text.nrfx_gpiote_input_configure
                0x00000000000047b0      0x178 modules/hal_nordic/modules/hal_nordic/nrfx/libmodules__hal_nordic__nrfx.a(nrfx_gpiote.c.obj)
                0x00000000000047b0                nrfx_gpiote_input_configure
 .text.nrfx_gpiote_output_configure
                0x0000000000004928      0x104 modules/hal_nordic/modules/hal_nordic/nrfx/libmodules__hal_nordic__nrfx.a(nrfx_gpiote.c.obj)
                0x0000000000004928                nrfx_gpiote_output_configure
 .text.nrfx_gpiote_global_callback_set
                0x0000000000004a2c        0xc modules/hal_nordic/modules/hal_nordic/nrfx/libmodules__hal_nordic__nrfx.a(nrfx_gpiote.c.obj)
                0x0000000000004a2c                nrfx_gpiote_global_callback_set
 .text.nrfx_gpiote_channel_get
                0x0000000000004a38       0x34 modules/hal_nordic/modules/hal_nordic/nrfx/libmodules__hal_nordic__nrfx.a(nrfx_gpiote.c.obj)
                0x0000000000004a38                nrfx_gpiote_channel_get
 .text.nrfx_gpiote_init
                0x0000000000004a6c       0x64 modules/hal_nordic/modules/hal_nordic/nrfx/libmodules__hal_nordic__nrfx.a(nrfx_gpiote.c.obj)
                0x0000000000004a6c                nrfx_gpiote_init
 .text.nrfx_gpiote_init_check
                0x0000000000004ad0       0x14 modules/hal_nordic/modules/hal_nordic/nrfx/libmodules__hal_nordic__nrfx.a(nrfx_gpiote.c.obj)
                0x0000000000004ad0                nrfx_gpiote_init_check
 .text.nrfx_gpiote_channel_free
                0x0000000000004ae4        0xc modules/hal_nordic/modules/hal_nordic/nrfx/libmodules__hal_nordic__nrfx.a(nrfx_gpiote.c.obj)
                0x0000000000004ae4                nrfx_gpiote_channel_free
 .text.nrfx_gpiote_channel_alloc
                0x0000000000004af0        0xc modules/hal_nordic/modules/hal_nordic/nrfx/libmodules__hal_nordic__nrfx.a(nrfx_gpiote.c.obj)
                0x0000000000004af0                nrfx_gpiote_channel_alloc
 .text.nrfx_gpiote_trigger_enable
                0x0000000000004afc       0xac modules/hal_nordic/modules/hal_nordic/nrfx/libmodules__hal_nordic__nrfx.a(nrfx_gpiote.c.obj)
                0x0000000000004afc                nrfx_gpiote_trigger_enable
 .text.nrfx_gpiote_0_irq_handler
                0x0000000000004ba8      0x1b8 modules/hal_nordic/modules/hal_nordic/nrfx/libmodules__hal_nordic__nrfx.a(nrfx_gpiote.c.obj)
                0x0000000000004ba8                nrfx_gpiote_0_irq_handler
 .text.nvmc_readonly_mode_set
                0x0000000000004d60       0x14 modules/hal_nordic/modules/hal_nordic/nrfx/libmodules__hal_nordic__nrfx.a(nrfx_nvmc.c.obj)
 .text.nvmc_word_write
                0x0000000000004d74       0x18 modules/hal_nordic/modules/hal_nordic/nrfx/libmodules__hal_nordic__nrfx.a(nrfx_nvmc.c.obj)
 .text.nrfx_nvmc_page_erase
                0x0000000000004d8c       0x3c modules/hal_nordic/modules/hal_nordic/nrfx/libmodules__hal_nordic__nrfx.a(nrfx_nvmc.c.obj)
                0x0000000000004d8c                nrfx_nvmc_page_erase
 .text.nrfx_nvmc_word_write
                0x0000000000004dc8       0x20 modules/hal_nordic/modules/hal_nordic/nrfx/libmodules__hal_nordic__nrfx.a(nrfx_nvmc.c.obj)
                0x0000000000004dc8                nrfx_nvmc_word_write
 .text.qspi_deactivate
                0x0000000000004de8       0x24 modules/hal_nordic/modules/hal_nordic/nrfx/libmodules__hal_nordic__nrfx.a(nrfx_qspi.c.obj)
 .text.qspi_ready_wait
                0x0000000000004e0c       0x54 modules/hal_nordic/modules/hal_nordic/nrfx/libmodules__hal_nordic__nrfx.a(nrfx_qspi.c.obj)
 .text.qspi_activate
                0x0000000000004e60       0x34 modules/hal_nordic/modules/hal_nordic/nrfx/libmodules__hal_nordic__nrfx.a(nrfx_qspi.c.obj)
 .text.qspi_xfer
                0x0000000000004e94      0x104 modules/hal_nordic/modules/hal_nordic/nrfx/libmodules__hal_nordic__nrfx.a(nrfx_qspi.c.obj)
 .text.qspi_event_xfer_handle.constprop.0
                0x0000000000004f98       0x28 modules/hal_nordic/modules/hal_nordic/nrfx/libmodules__hal_nordic__nrfx.a(nrfx_qspi.c.obj)
 .text.nrf_gpio_cfg.constprop.0
                0x0000000000004fc0       0x44 modules/hal_nordic/modules/hal_nordic/nrfx/libmodules__hal_nordic__nrfx.a(nrfx_qspi.c.obj)
 .text.nrf_qspi_cinstrdata_get.constprop.0
                0x0000000000005004       0x40 modules/hal_nordic/modules/hal_nordic/nrfx/libmodules__hal_nordic__nrfx.a(nrfx_qspi.c.obj)
 .text.nrf_qspi_cinstrdata_set.constprop.0
                0x0000000000005044       0x64 modules/hal_nordic/modules/hal_nordic/nrfx/libmodules__hal_nordic__nrfx.a(nrfx_qspi.c.obj)
 .text.nrf_qspi_pins_set.constprop.0
                0x00000000000050a8       0x5c modules/hal_nordic/modules/hal_nordic/nrfx/libmodules__hal_nordic__nrfx.a(nrfx_qspi.c.obj)
 .text.qspi_workaround_215_43_apply
                0x0000000000005104       0x70 modules/hal_nordic/modules/hal_nordic/nrfx/libmodules__hal_nordic__nrfx.a(nrfx_qspi.c.obj)
 .text.qspi_configure
                0x0000000000005174      0x138 modules/hal_nordic/modules/hal_nordic/nrfx/libmodules__hal_nordic__nrfx.a(nrfx_qspi.c.obj)
 .text.nrfx_qspi_init
                0x00000000000052ac       0x40 modules/hal_nordic/modules/hal_nordic/nrfx/libmodules__hal_nordic__nrfx.a(nrfx_qspi.c.obj)
                0x00000000000052ac                nrfx_qspi_init
 .text.nrfx_qspi_cinstr_xfer
                0x00000000000052ec       0xbc modules/hal_nordic/modules/hal_nordic/nrfx/libmodules__hal_nordic__nrfx.a(nrfx_qspi.c.obj)
                0x00000000000052ec                nrfx_qspi_cinstr_xfer
 .text.nrfx_qspi_activate
                0x00000000000053a8       0x18 modules/hal_nordic/modules/hal_nordic/nrfx/libmodules__hal_nordic__nrfx.a(nrfx_qspi.c.obj)
                0x00000000000053a8                nrfx_qspi_activate
 .text.nrfx_qspi_deactivate
                0x00000000000053c0       0x24 modules/hal_nordic/modules/hal_nordic/nrfx/libmodules__hal_nordic__nrfx.a(nrfx_qspi.c.obj)
                0x00000000000053c0                nrfx_qspi_deactivate
 .text.nrfx_qspi_init_check
                0x00000000000053e4       0x14 modules/hal_nordic/modules/hal_nordic/nrfx/libmodules__hal_nordic__nrfx.a(nrfx_qspi.c.obj)
                0x00000000000053e4                nrfx_qspi_init_check
 .text.nrfx_qspi_erase
                0x00000000000053f8       0xac modules/hal_nordic/modules/hal_nordic/nrfx/libmodules__hal_nordic__nrfx.a(nrfx_qspi.c.obj)
                0x00000000000053f8                nrfx_qspi_erase
 .text.nrfx_qspi_irq_handler
                0x00000000000054a4       0x94 modules/hal_nordic/modules/hal_nordic/nrfx/libmodules__hal_nordic__nrfx.a(nrfx_qspi.c.obj)
                0x00000000000054a4                nrfx_qspi_irq_handler
 .text.z_sys_init_run_level
                0x0000000000005538       0x2c zephyr/kernel/libkernel.a(init.c.obj)
 .text.bg_thread_main
                0x0000000000005564       0x34 zephyr/kernel/libkernel.a(init.c.obj)
 .text.z_bss_zero
                0x0000000000005598       0x18 zephyr/kernel/libkernel.a(init.c.obj)
                0x0000000000005598                z_bss_zero
 .text.z_cstart
                0x00000000000055b0       0x70 zephyr/kernel/libkernel.a(init.c.obj)
                0x00000000000055b0                z_cstart
 .text.z_data_copy
                0x0000000000005620       0x38 zephyr/kernel/libkernel.a(xip.c.obj)
                0x0000000000005620                z_data_copy
 .text.first    0x0000000000005658       0x10 zephyr/kernel/libkernel.a(timeout.c.obj)
 .text.elapsed  0x0000000000005668       0x14 zephyr/kernel/libkernel.a(timeout.c.obj)
 .text.remove_timeout
                0x000000000000567c       0x38 zephyr/kernel/libkernel.a(timeout.c.obj)
 .text.sys_clock_announce
                0x00000000000056b4       0xb8 zephyr/kernel/libkernel.a(timeout.c.obj)
                0x00000000000056b4                sys_clock_announce
 .text.nrf_cc3xx_platform_init_no_rng
                0x000000000000576c       0x38 /opt/nordic/ncs/v3.0.0/nrfxlib/crypto/nrf_cc312_platform/lib/cortex-m33/soft-float/no-interrupts/libnrf_cc312_platform_0.9.19.a(nrf_cc3xx_platform.c.obj)
                0x000000000000576c                nrf_cc3xx_platform_init_no_rng
 .text.nrf_cc3xx_platform_abort
                0x00000000000057a4       0x24 /opt/nordic/ncs/v3.0.0/nrfxlib/crypto/nrf_cc312_platform/lib/cortex-m33/soft-float/no-interrupts/libnrf_cc312_platform_0.9.19.a(nrf_cc3xx_platform_abort.c.obj)
 .text.CC_PalAbort
                0x00000000000057c8       0x44 /opt/nordic/ncs/v3.0.0/nrfxlib/crypto/nrf_cc312_platform/lib/cortex-m33/soft-float/no-interrupts/libnrf_cc312_platform_0.9.19.a(nrf_cc3xx_platform_abort.c.obj)
                0x00000000000057c8                CC_PalAbort
 .text.nrf_cc3xx_platform_set_abort
                0x000000000000580c       0x10 /opt/nordic/ncs/v3.0.0/nrfxlib/crypto/nrf_cc312_platform/lib/cortex-m33/soft-float/no-interrupts/libnrf_cc312_platform_0.9.19.a(nrf_cc3xx_platform_abort.c.obj)
                0x000000000000580c                nrf_cc3xx_platform_set_abort
 .text.CC_LibInitNoRng
                0x000000000000581c       0x28 /opt/nordic/ncs/v3.0.0/nrfxlib/crypto/nrf_cc312_platform/lib/cortex-m33/soft-float/no-interrupts/libnrf_cc312_platform_0.9.19.a(cc_lib.c.obj)
                0x000000000000581c                CC_LibInitNoRng
 .text.CC_HalInit
                0x0000000000005844        0x4 /opt/nordic/ncs/v3.0.0/nrfxlib/crypto/nrf_cc312_platform/lib/cortex-m33/soft-float/no-interrupts/libnrf_cc312_platform_0.9.19.a(cc_hal.c.obj)
                0x0000000000005844                CC_HalInit
 .text.CC_PalInit
                0x0000000000005848       0x5c /opt/nordic/ncs/v3.0.0/nrfxlib/crypto/nrf_cc312_platform/lib/cortex-m33/soft-float/no-interrupts/libnrf_cc312_platform_0.9.19.a(cc_pal.c.obj)
                0x0000000000005848                CC_PalInit
 .text.CC_PalTerminate
                0x00000000000058a4       0x34 /opt/nordic/ncs/v3.0.0/nrfxlib/crypto/nrf_cc312_platform/lib/cortex-m33/soft-float/no-interrupts/libnrf_cc312_platform_0.9.19.a(cc_pal.c.obj)
                0x00000000000058a4                CC_PalTerminate
 .text.CC_PalDmaInit
                0x00000000000058d8        0x4 /opt/nordic/ncs/v3.0.0/nrfxlib/crypto/nrf_cc312_platform/lib/cortex-m33/soft-float/no-interrupts/libnrf_cc312_platform_0.9.19.a(cc_pal_dma.c.obj)
                0x00000000000058d8                CC_PalDmaInit
 .text.CC_PalDmaTerminate
                0x00000000000058dc        0x4 /opt/nordic/ncs/v3.0.0/nrfxlib/crypto/nrf_cc312_platform/lib/cortex-m33/soft-float/no-interrupts/libnrf_cc312_platform_0.9.19.a(cc_pal_dma.c.obj)
                0x00000000000058dc                CC_PalDmaTerminate
 .text.CC_PalMutexCreate
                0x00000000000058e0       0x14 /opt/nordic/ncs/v3.0.0/nrfxlib/crypto/nrf_cc312_platform/lib/cortex-m33/soft-float/no-interrupts/libnrf_cc312_platform_0.9.19.a(cc_pal_mutex.c.obj)
                0x00000000000058e0                CC_PalMutexCreate
 .text.CC_PalMutexDestroy
                0x00000000000058f4       0x14 /opt/nordic/ncs/v3.0.0/nrfxlib/crypto/nrf_cc312_platform/lib/cortex-m33/soft-float/no-interrupts/libnrf_cc312_platform_0.9.19.a(cc_pal_mutex.c.obj)
                0x00000000000058f4                CC_PalMutexDestroy
 .text.CC_PalPowerSaveModeInit
                0x0000000000005908       0x3c /opt/nordic/ncs/v3.0.0/nrfxlib/crypto/nrf_cc312_platform/lib/cortex-m33/soft-float/no-interrupts/libnrf_cc312_platform_0.9.19.a(cc_pal_pm.c.obj)
                0x0000000000005908                CC_PalPowerSaveModeInit
 .text.mutex_free
                0x0000000000005944       0x34 /opt/nordic/ncs/v3.0.0/nrfxlib/crypto/nrf_cc312_platform/lib/cortex-m33/soft-float/no-interrupts/libnrf_cc312_platform_0.9.19.a(nrf_cc3xx_platform_mutex.c.obj)
 .text.mutex_lock
                0x0000000000005978       0x48 /opt/nordic/ncs/v3.0.0/nrfxlib/crypto/nrf_cc312_platform/lib/cortex-m33/soft-float/no-interrupts/libnrf_cc312_platform_0.9.19.a(nrf_cc3xx_platform_mutex.c.obj)
 .text.mutex_unlock
                0x00000000000059c0       0x38 /opt/nordic/ncs/v3.0.0/nrfxlib/crypto/nrf_cc312_platform/lib/cortex-m33/soft-float/no-interrupts/libnrf_cc312_platform_0.9.19.a(nrf_cc3xx_platform_mutex.c.obj)
 .text.mutex_init
                0x00000000000059f8       0x20 /opt/nordic/ncs/v3.0.0/nrfxlib/crypto/nrf_cc312_platform/lib/cortex-m33/soft-float/no-interrupts/libnrf_cc312_platform_0.9.19.a(nrf_cc3xx_platform_mutex.c.obj)
 .text._OffsetAbsSyms
                0x0000000000005a18        0x2 zephyr/CMakeFiles/offsets.dir/./arch/arm/core/offsets/offsets.c.obj
                0x0000000000005a18                _OffsetAbsSyms
 .text.flash_area_get_device_id
                0x0000000000005a1a        0x4 app/libapp.a(flash_map_extended.c.obj)
                0x0000000000005a1a                flash_area_get_device_id
 .text.bootutil_tlv_iter_begin
                0x0000000000005a1e       0x9c app/libapp.a(tlv.c.obj)
                0x0000000000005a1e                bootutil_tlv_iter_begin
 .text.bootutil_tlv_iter_next
                0x0000000000005aba       0x98 app/libapp.a(tlv.c.obj)
                0x0000000000005aba                bootutil_tlv_iter_next
 .text.bootutil_tlv_iter_is_prot
                0x0000000000005b52       0x1c app/libapp.a(tlv.c.obj)
                0x0000000000005b52                bootutil_tlv_iter_is_prot
 .text.boot_trailer_sz
                0x0000000000005b6e        0xa app/libapp.a(bootutil_misc.c.obj)
                0x0000000000005b6e                boot_trailer_sz
 .text.bootutil_max_image_size
                0x0000000000005b78        0x6 app/libapp.a(bootutil_misc.c.obj)
                0x0000000000005b78                bootutil_max_image_size
 .text.boot_read_image_size
                0x0000000000005b7e       0x90 app/libapp.a(bootutil_misc.c.obj)
                0x0000000000005b7e                boot_read_image_size
 .text.fih_panic_loop
                0x0000000000005c0e       0x26 app/libapp.a(fault_injection_hardening.c.obj)
                0x0000000000005c0e                fih_panic_loop
 .text.boot_read_image_headers.constprop.0
                0x0000000000005c34       0x2a app/libapp.a(loader.c.obj)
 .text.boot_read_sectors
                0x0000000000005c5e       0x44 app/libapp.a(loader.c.obj)
 .text.boot_status_reset
                0x0000000000005ca2       0x12 app/libapp.a(loader.c.obj)
                0x0000000000005ca2                boot_status_reset
 .text.boot_status_is_reset
                0x0000000000005cb4       0x1a app/libapp.a(loader.c.obj)
                0x0000000000005cb4                boot_status_is_reset
 .text.boot_read_image_header
                0x0000000000005cce       0x1a app/libapp.a(swap_scratch.c.obj)
                0x0000000000005cce                boot_read_image_header
 .text.arch_printk_char_out
                0x0000000000005ce8        0x4 zephyr/libzephyr.a(printk.c.obj)
                0x0000000000005ce8                arch_printk_char_out
 .text.printk   0x0000000000005cec       0x1a zephyr/libzephyr.a(printk.c.obj)
                0x0000000000005cec                printk
 .text.process_recheck
                0x0000000000005d06       0x38 zephyr/libzephyr.a(onoff.c.obj)
 .text.validate_args
                0x0000000000005d3e       0x20 zephyr/libzephyr.a(onoff.c.obj)
 .text.notify_one
                0x0000000000005d5e       0x2c zephyr/libzephyr.a(onoff.c.obj)
 .text.transition_complete
                0x0000000000005d8a       0x1a zephyr/libzephyr.a(onoff.c.obj)
 .text.onoff_manager_init
                0x0000000000005da4       0x26 zephyr/libzephyr.a(onoff.c.obj)
                0x0000000000005da4                onoff_manager_init
 .text.onoff_request
                0x0000000000005dca       0xae zephyr/libzephyr.a(onoff.c.obj)
                0x0000000000005dca                onoff_request
 .text.sys_notify_validate
                0x0000000000005e78       0x22 zephyr/libzephyr.a(notify.c.obj)
                0x0000000000005e78                sys_notify_validate
 .text.sys_notify_finalize
                0x0000000000005e9a       0x1a zephyr/libzephyr.a(notify.c.obj)
                0x0000000000005e9a                sys_notify_finalize
 .text._ConfigAbsSyms
                0x0000000000005eb4        0x2 zephyr/libzephyr.a(configs.c.obj)
                0x0000000000005eb4                _ConfigAbsSyms
 .text.z_log_minimal_printk
                0x0000000000005eb6       0x1a zephyr/libzephyr.a(log_minimal.c.obj)
                0x0000000000005eb6                z_log_minimal_printk
 .text.flash_area_close
                0x0000000000005ed0        0x2 zephyr/libzephyr.a(flash_map.c.obj)
                0x0000000000005ed0                flash_area_close
 .text.flash_area_read
                0x0000000000005ed2       0x2a zephyr/libzephyr.a(flash_map.c.obj)
                0x0000000000005ed2                flash_area_read
 .text.flash_area_write
                0x0000000000005efc       0x2a zephyr/libzephyr.a(flash_map.c.obj)
                0x0000000000005efc                flash_area_write
 .text.flash_area_erase
                0x0000000000005f26       0x30 zephyr/libzephyr.a(flash_map.c.obj)
                0x0000000000005f26                flash_area_erase
 .text.flash_area_align
                0x0000000000005f56        0xe zephyr/libzephyr.a(flash_map.c.obj)
                0x0000000000005f56                flash_area_align
 .text.flash_area_erased_val
                0x0000000000005f64        0xe zephyr/libzephyr.a(flash_map.c.obj)
                0x0000000000005f64                flash_area_erased_val
 .text.get_sectors_cb
                0x0000000000005f72       0x44 zephyr/libzephyr.a(flash_map_layout.c.obj)
 .text.flash_area_get_sectors
                0x0000000000005fb6       0x32 zephyr/libzephyr.a(flash_map_layout.c.obj)
                0x0000000000005fb6                flash_area_get_sectors
 .text.abort_function
                0x0000000000005fe8        0x2 zephyr/libzephyr.a(nrf_cc3xx_platform_abort_zephyr.c.obj)
 .text.nrf_cc3xx_platform_mutex_init
                0x0000000000005fea        0x2 zephyr/libzephyr.a(nrf_cc3xx_platform_no_mutex_zephyr.c.obj)
                0x0000000000005fea                nrf_cc3xx_platform_mutex_init
 .text.z_arm_fatal_error
                0x0000000000005fec        0xc zephyr/arch/arch/arm/core/libarch__arm__core.a(fatal.c.obj)
                0x0000000000005fec                z_arm_fatal_error
 .text.z_do_kernel_oops
                0x0000000000005ff8        0x8 zephyr/arch/arch/arm/core/libarch__arm__core.a(fatal.c.obj)
                0x0000000000005ff8                z_do_kernel_oops
 .text.z_arm_nmi
                0x0000000000006000        0xe zephyr/arch/arch/arm/core/libarch__arm__core.a(nmi.c.obj)
                0x0000000000006000                z_arm_nmi
 .text._HandlerModeExit
                0x000000000000600e        0x2 zephyr/arch/arch/arm/core/cortex_m/libarch__arm__core__cortex_m.a(exc_exit.c.obj)
                0x000000000000600e                z_arm_exc_exit
                0x000000000000600e                z_arm_int_exit
 .text.z_irq_spurious
                0x0000000000006010        0x8 zephyr/arch/arch/arm/core/cortex_m/libarch__arm__core__cortex_m.a(irq_manage.c.obj)
                0x0000000000006010                z_irq_spurious
 .text.arch_irq_unlock_outlined
                0x0000000000006018        0xe zephyr/arch/arch/arm/core/cortex_m/libarch__arm__core__cortex_m.a(thread.c.obj)
                0x0000000000006018                arch_irq_unlock_outlined
 .text.arch_irq_lock_outlined
                0x0000000000006026       0x10 zephyr/arch/arch/arm/core/cortex_m/libarch__arm__core__cortex_m.a(thread.c.obj)
                0x0000000000006026                arch_irq_lock_outlined
 .text.arch_cpu_atomic_idle
                0x0000000000006036       0x38 zephyr/arch/arch/arm/core/cortex_m/libarch__arm__core__cortex_m.a(cpu_idle.c.obj)
                0x0000000000006036                arch_cpu_atomic_idle
 .text.strlen   0x000000000000606e        0xe zephyr/lib/libc/minimal/liblib__libc__minimal.a(string.c.obj)
                0x000000000000606e                strlen
 .text.memcmp   0x000000000000607c       0x20 zephyr/lib/libc/minimal/liblib__libc__minimal.a(string.c.obj)
                0x000000000000607c                memcmp
 .text.memmove  0x000000000000609c       0x2e zephyr/lib/libc/minimal/liblib__libc__minimal.a(string.c.obj)
                0x000000000000609c                memmove
 .text.memcpy   0x00000000000060ca       0x16 zephyr/lib/libc/minimal/liblib__libc__minimal.a(string.c.obj)
                0x00000000000060ca                memcpy
 .text.memset   0x00000000000060e0       0x12 zephyr/lib/libc/minimal/liblib__libc__minimal.a(string.c.obj)
                0x00000000000060e0                memset
 .text.onoff_stop
                0x00000000000060f2       0x10 zephyr/soc/soc/nrf5340/libsoc__nordic.a(nrf53_cpunet_mgmt.c.obj)
 .text.get_status
                0x0000000000006102       0x12 zephyr/drivers/clock_control/libdrivers__clock_control.a(clock_control_nrf.c.obj)
 .text.stop     0x0000000000006114       0x50 zephyr/drivers/clock_control/libdrivers__clock_control.a(clock_control_nrf.c.obj)
 .text.api_stop
                0x0000000000006164        0x6 zephyr/drivers/clock_control/libdrivers__clock_control.a(clock_control_nrf.c.obj)
 .text.async_start
                0x000000000000616a       0x5a zephyr/drivers/clock_control/libdrivers__clock_control.a(clock_control_nrf.c.obj)
 .text.api_start
                0x00000000000061c4        0xe zephyr/drivers/clock_control/libdrivers__clock_control.a(clock_control_nrf.c.obj)
 .text.api_blocking_start
                0x00000000000061d2        0x6 zephyr/drivers/clock_control/libdrivers__clock_control.a(clock_control_nrf.c.obj)
 .text.onoff_started_callback
                0x00000000000061d8       0x12 zephyr/drivers/clock_control/libdrivers__clock_control.a(clock_control_nrf.c.obj)
 .text.hfclkaudio_start
                0x00000000000061ea        0x6 zephyr/drivers/clock_control/libdrivers__clock_control.a(clock_control_nrf.c.obj)
 .text.hfclk192m_start
                0x00000000000061f0        0x6 zephyr/drivers/clock_control/libdrivers__clock_control.a(clock_control_nrf.c.obj)
 .text.lfclk_start
                0x00000000000061f6        0x6 zephyr/drivers/clock_control/libdrivers__clock_control.a(clock_control_nrf.c.obj)
 .text.hfclkaudio_stop
                0x00000000000061fc        0x6 zephyr/drivers/clock_control/libdrivers__clock_control.a(clock_control_nrf.c.obj)
 .text.hfclk192m_stop
                0x0000000000006202        0x6 zephyr/drivers/clock_control/libdrivers__clock_control.a(clock_control_nrf.c.obj)
 .text.lfclk_stop
                0x0000000000006208        0x6 zephyr/drivers/clock_control/libdrivers__clock_control.a(clock_control_nrf.c.obj)
 .text.flash_page_foreach
                0x000000000000620e       0x58 zephyr/drivers/flash/libdrivers__flash.a(flash_page_layout.c.obj)
                0x000000000000620e                flash_page_foreach
 .text.qspi_handler
                0x0000000000006266        0x8 zephyr/drivers/flash/libdrivers__flash.a(nrf_qspi_nor.c.obj)
 .text.qspi_nor_get_size
                0x000000000000626e        0xe zephyr/drivers/flash/libdrivers__flash.a(nrf_qspi_nor.c.obj)
                0x000000000000626e                qspi_nor_get_size
 .text.qspi_send_cmd.constprop.0
                0x000000000000627c       0x62 zephyr/drivers/flash/libdrivers__flash.a(nrf_qspi_nor.c.obj)
 .text.qspi_rdsr.constprop.0.isra.0
                0x00000000000062de       0x36 zephyr/drivers/flash/libdrivers__flash.a(nrf_qspi_nor.c.obj)
 .text.qspi_nor_write_protection_set.isra.0
                0x0000000000006314       0x2a zephyr/drivers/flash/libdrivers__flash.a(nrf_qspi_nor.c.obj)
 .text.qspi_release.isra.0
                0x000000000000633e       0x14 zephyr/drivers/flash/libdrivers__flash.a(nrf_qspi_nor.c.obj)
 .text.qspi_acquire.isra.0
                0x0000000000006352        0xa zephyr/drivers/flash/libdrivers__flash.a(nrf_qspi_nor.c.obj)
 .text.flash_nrf_get_size
                0x000000000000635c       0x12 zephyr/drivers/flash/libdrivers__flash.a(soc_flash_nrf.c.obj)
 .text.is_regular_addr_valid
                0x000000000000636e       0x22 zephyr/drivers/flash/libdrivers__flash.a(soc_flash_nrf.c.obj)
 .text.flash_nrf_erase
                0x0000000000006390       0x4c zephyr/drivers/flash/libdrivers__flash.a(soc_flash_nrf.c.obj)
 .text.flash_nrf_read
                0x00000000000063dc       0x28 zephyr/drivers/flash/libdrivers__flash.a(soc_flash_nrf.c.obj)
 .text.gpio_nrfx_port_get_raw
                0x0000000000006404        0xc zephyr/drivers/gpio/libdrivers__gpio.a(gpio_nrfx.c.obj)
 .text.gpio_nrfx_port_set_masked_raw
                0x0000000000006410       0x14 zephyr/drivers/gpio/libdrivers__gpio.a(gpio_nrfx.c.obj)
 .text.gpio_nrfx_port_set_bits_raw
                0x0000000000006424        0xa zephyr/drivers/gpio/libdrivers__gpio.a(gpio_nrfx.c.obj)
 .text.gpio_nrfx_port_clear_bits_raw
                0x000000000000642e        0xa zephyr/drivers/gpio/libdrivers__gpio.a(gpio_nrfx.c.obj)
 .text.gpio_nrfx_port_toggle_bits
                0x0000000000006438       0x14 zephyr/drivers/gpio/libdrivers__gpio.a(gpio_nrfx.c.obj)
 .text.gpio_nrfx_manage_callback
                0x000000000000644c       0x52 zephyr/drivers/gpio/libdrivers__gpio.a(gpio_nrfx.c.obj)
 .text.pinctrl_lookup_state
                0x000000000000649e       0x26 zephyr/drivers/pinctrl/libdrivers__pinctrl.a(common.c.obj)
                0x000000000000649e                pinctrl_lookup_state
 .text.event_clear
                0x00000000000064c4       0x18 zephyr/drivers/timer/libdrivers__timer.a(nrf_rtc_timer.c.obj)
 .text.sys_clock_cycle_get_32
                0x00000000000064dc        0x8 zephyr/drivers/timer/libdrivers__timer.a(nrf_rtc_timer.c.obj)
                0x00000000000064dc                sys_clock_cycle_get_32
 .text.hw_cc3xx_init_internal
                0x00000000000064e4        0x4 modules/nrf/drivers/hw_cc3xx/lib..__nrf__drivers__hw_cc3xx.a(hw_cc3xx.c.obj)
 .text.hw_cc3xx_init
                0x00000000000064e8       0x12 modules/nrf/drivers/hw_cc3xx/lib..__nrf__drivers__hw_cc3xx.a(hw_cc3xx.c.obj)
 .text.boot_swap_info_off
                0x00000000000064fa        0xc modules/mcuboot/boot/bootutil/zephyr/libmcuboot_util.a(bootutil_public.c.obj)
                0x00000000000064fa                boot_swap_info_off
 .text.boot_magic_compatible_check
                0x0000000000006506       0x1c modules/mcuboot/boot/bootutil/zephyr/libmcuboot_util.a(bootutil_public.c.obj)
                0x0000000000006506                boot_magic_compatible_check
 .text.bootutil_buffer_is_erased
                0x0000000000006522       0x26 modules/mcuboot/boot/bootutil/zephyr/libmcuboot_util.a(bootutil_public.c.obj)
                0x0000000000006522                bootutil_buffer_is_erased
 .text.boot_read_flag
                0x0000000000006548       0x38 modules/mcuboot/boot/bootutil/zephyr/libmcuboot_util.a(bootutil_public.c.obj)
 .text.boot_read_image_ok
                0x0000000000006580        0xc modules/mcuboot/boot/bootutil/zephyr/libmcuboot_util.a(bootutil_public.c.obj)
                0x0000000000006580                boot_read_image_ok
 .text.boot_read_swap_state_by_id
                0x000000000000658c       0x28 modules/mcuboot/boot/bootutil/zephyr/libmcuboot_util.a(bootutil_public.c.obj)
                0x000000000000658c                boot_read_swap_state_by_id
 .text.mbedtls_asn1_get_len
                0x00000000000065b4       0x68 modules/mbedtls/libmbedTLSBase.a(asn1parse.c.obj)
                0x00000000000065b4                mbedtls_asn1_get_len
 .text.mbedtls_asn1_get_tag
                0x000000000000661c       0x28 modules/mbedtls/libmbedTLSBase.a(asn1parse.c.obj)
                0x000000000000661c                mbedtls_asn1_get_tag
 .text.mbedtls_asn1_get_mpi
                0x0000000000006644       0x26 modules/mbedtls/libmbedTLSBase.a(asn1parse.c.obj)
                0x0000000000006644                mbedtls_asn1_get_mpi
 .text.mbedtls_mpi_core_bitlen
                0x000000000000666a       0x1e modules/mbedtls/libmbedTLSBase.a(bignum_core.c.obj)
                0x000000000000666a                mbedtls_mpi_core_bitlen
 .text.mbedtls_mpi_core_bigendian_to_host
                0x0000000000006688       0x26 modules/mbedtls/libmbedTLSBase.a(bignum_core.c.obj)
                0x0000000000006688                mbedtls_mpi_core_bigendian_to_host
 .text.mbedtls_mpi_core_read_be
                0x00000000000066ae       0x4a modules/mbedtls/libmbedTLSBase.a(bignum_core.c.obj)
                0x00000000000066ae                mbedtls_mpi_core_read_be
 .text.mbedtls_mpi_core_write_be
                0x00000000000066f8       0x64 modules/mbedtls/libmbedTLSBase.a(bignum_core.c.obj)
                0x00000000000066f8                mbedtls_mpi_core_write_be
 .text.mbedtls_mpi_core_shift_r
                0x000000000000675c       0x74 modules/mbedtls/libmbedTLSBase.a(bignum_core.c.obj)
                0x000000000000675c                mbedtls_mpi_core_shift_r
 .text.mbedtls_mpi_core_shift_l
                0x00000000000067d0       0x6c modules/mbedtls/libmbedTLSBase.a(bignum_core.c.obj)
                0x00000000000067d0                mbedtls_mpi_core_shift_l
 .text.mbedtls_mpi_core_add
                0x000000000000683c       0x2c modules/mbedtls/libmbedTLSBase.a(bignum_core.c.obj)
                0x000000000000683c                mbedtls_mpi_core_add
 .text.mbedtls_mpi_core_sub
                0x0000000000006868       0x3a modules/mbedtls/libmbedTLSBase.a(bignum_core.c.obj)
                0x0000000000006868                mbedtls_mpi_core_sub
 .text.mbedtls_mpi_core_mla
                0x00000000000068a2      0x178 modules/mbedtls/libmbedTLSBase.a(bignum_core.c.obj)
                0x00000000000068a2                mbedtls_mpi_core_mla
 .text.mbedtls_mpi_core_montmul_init
                0x0000000000006a1a       0x22 modules/mbedtls/libmbedTLSBase.a(bignum_core.c.obj)
                0x0000000000006a1a                mbedtls_mpi_core_montmul_init
 .text.mbedtls_mpi_core_montmul
                0x0000000000006a3c       0x96 modules/mbedtls/libmbedTLSBase.a(bignum_core.c.obj)
                0x0000000000006a3c                mbedtls_mpi_core_montmul
 .text.mbedtls_mpi_core_get_mont_r2_unsafe
                0x0000000000006ad2       0x34 modules/mbedtls/libmbedTLSBase.a(bignum_core.c.obj)
                0x0000000000006ad2                mbedtls_mpi_core_get_mont_r2_unsafe
 .text.mbedtls_mpi_core_exp_mod_working_limbs
                0x0000000000006b06       0x16 modules/mbedtls/libmbedTLSBase.a(bignum_core.c.obj)
                0x0000000000006b06                mbedtls_mpi_core_exp_mod_working_limbs
 .text.mbedtls_mpi_core_exp_mod
                0x0000000000006b1c       0x20 modules/mbedtls/libmbedTLSBase.a(bignum_core.c.obj)
                0x0000000000006b1c                mbedtls_mpi_core_exp_mod
 .text.mbedtls_mpi_core_exp_mod_unsafe
                0x0000000000006b3c       0x22 modules/mbedtls/libmbedTLSBase.a(bignum_core.c.obj)
                0x0000000000006b3c                mbedtls_mpi_core_exp_mod_unsafe
 .text.mbedtls_mpi_core_sub_int
                0x0000000000006b5e       0x22 modules/mbedtls/libmbedTLSBase.a(bignum_core.c.obj)
                0x0000000000006b5e                mbedtls_mpi_core_sub_int
 .text.mbedtls_mpi_core_check_zero_ct
                0x0000000000006b80       0x18 modules/mbedtls/libmbedTLSBase.a(bignum_core.c.obj)
                0x0000000000006b80                mbedtls_mpi_core_check_zero_ct
 .text.mbedtls_mpi_core_to_mont_rep
                0x0000000000006b98       0x18 modules/mbedtls/libmbedTLSBase.a(bignum_core.c.obj)
                0x0000000000006b98                mbedtls_mpi_core_to_mont_rep
 .text.mbedtls_mpi_core_from_mont_rep
                0x0000000000006bb0       0x20 modules/mbedtls/libmbedTLSBase.a(bignum_core.c.obj)
                0x0000000000006bb0                mbedtls_mpi_core_from_mont_rep
 .text.mbedtls_mpi_init
                0x0000000000006bd0        0xa modules/mbedtls/libmbedTLSBase.a(bignum.c.obj)
                0x0000000000006bd0                mbedtls_mpi_init
 .text.mbedtls_mpi_free
                0x0000000000006bda       0x1c modules/mbedtls/libmbedTLSBase.a(bignum.c.obj)
                0x0000000000006bda                mbedtls_mpi_free
 .text.mbedtls_mpi_grow
                0x0000000000006bf6       0x48 modules/mbedtls/libmbedTLSBase.a(bignum.c.obj)
                0x0000000000006bf6                mbedtls_mpi_grow
 .text.mbedtls_mpi_resize_clear
                0x0000000000006c3e       0x36 modules/mbedtls/libmbedTLSBase.a(bignum.c.obj)
 .text.mbedtls_mpi_shrink
                0x0000000000006c74       0x62 modules/mbedtls/libmbedTLSBase.a(bignum.c.obj)
                0x0000000000006c74                mbedtls_mpi_shrink
 .text.mbedtls_mpi_copy
                0x0000000000006cd6       0x6a modules/mbedtls/libmbedTLSBase.a(bignum.c.obj)
                0x0000000000006cd6                mbedtls_mpi_copy
 .text.mbedtls_mpi_lset
                0x0000000000006d40       0x38 modules/mbedtls/libmbedTLSBase.a(bignum.c.obj)
                0x0000000000006d40                mbedtls_mpi_lset
 .text.mbedtls_mpi_get_bit
                0x0000000000006d78       0x20 modules/mbedtls/libmbedTLSBase.a(bignum.c.obj)
                0x0000000000006d78                mbedtls_mpi_get_bit
 .text.mbedtls_mpi_bitlen
                0x0000000000006d98        0x8 modules/mbedtls/libmbedTLSBase.a(bignum.c.obj)
                0x0000000000006d98                mbedtls_mpi_bitlen
 .text.mbedtls_mpi_size
                0x0000000000006da0        0xc modules/mbedtls/libmbedTLSBase.a(bignum.c.obj)
                0x0000000000006da0                mbedtls_mpi_size
 .text.mbedtls_mpi_read_binary
                0x0000000000006dac       0x2c modules/mbedtls/libmbedTLSBase.a(bignum.c.obj)
                0x0000000000006dac                mbedtls_mpi_read_binary
 .text.mbedtls_mpi_write_binary
                0x0000000000006dd8        0xc modules/mbedtls/libmbedTLSBase.a(bignum.c.obj)
                0x0000000000006dd8                mbedtls_mpi_write_binary
 .text.mbedtls_mpi_shift_l
                0x0000000000006de4       0x3a modules/mbedtls/libmbedTLSBase.a(bignum.c.obj)
                0x0000000000006de4                mbedtls_mpi_shift_l
 .text.mbedtls_mpi_shift_r
                0x0000000000006e1e       0x12 modules/mbedtls/libmbedTLSBase.a(bignum.c.obj)
                0x0000000000006e1e                mbedtls_mpi_shift_r
 .text.mbedtls_mpi_cmp_abs
                0x0000000000006e30       0x5e modules/mbedtls/libmbedTLSBase.a(bignum.c.obj)
                0x0000000000006e30                mbedtls_mpi_cmp_abs
 .text.mbedtls_mpi_cmp_mpi
                0x0000000000006e8e       0x90 modules/mbedtls/libmbedTLSBase.a(bignum.c.obj)
                0x0000000000006e8e                mbedtls_mpi_cmp_mpi
 .text.mbedtls_mpi_cmp_int
                0x0000000000006f1e       0x30 modules/mbedtls/libmbedTLSBase.a(bignum.c.obj)
                0x0000000000006f1e                mbedtls_mpi_cmp_int
 .text.mbedtls_mpi_add_abs
                0x0000000000006f4e       0x90 modules/mbedtls/libmbedTLSBase.a(bignum.c.obj)
                0x0000000000006f4e                mbedtls_mpi_add_abs
 .text.mbedtls_mpi_sub_abs
                0x0000000000006fde       0xa2 modules/mbedtls/libmbedTLSBase.a(bignum.c.obj)
                0x0000000000006fde                mbedtls_mpi_sub_abs
 .text.add_sub_mpi
                0x0000000000007080       0x62 modules/mbedtls/libmbedTLSBase.a(bignum.c.obj)
 .text.mbedtls_mpi_add_mpi
                0x00000000000070e2        0x6 modules/mbedtls/libmbedTLSBase.a(bignum.c.obj)
                0x00000000000070e2                mbedtls_mpi_add_mpi
 .text.mbedtls_mpi_sub_mpi
                0x00000000000070e8        0x8 modules/mbedtls/libmbedTLSBase.a(bignum.c.obj)
                0x00000000000070e8                mbedtls_mpi_sub_mpi
 .text.mbedtls_mpi_mul_int
                0x00000000000070f0       0x62 modules/mbedtls/libmbedTLSBase.a(bignum.c.obj)
                0x00000000000070f0                mbedtls_mpi_mul_int
 .text.mbedtls_mpi_mod_mpi
                0x0000000000007152       0x64 modules/mbedtls/libmbedTLSBase.a(bignum.c.obj)
                0x0000000000007152                mbedtls_mpi_mod_mpi
 .text.mbedtls_mpi_exp_mod_optionally_safe
                0x00000000000071b6      0x1da modules/mbedtls/libmbedTLSBase.a(bignum.c.obj)
 .text.mbedtls_mpi_exp_mod_unsafe
                0x0000000000007390       0x14 modules/mbedtls/libmbedTLSBase.a(bignum.c.obj)
                0x0000000000007390                mbedtls_mpi_exp_mod_unsafe
 .text.mbedtls_zeroize_and_free
                0x00000000000073a4       0x14 modules/mbedtls/libmbedTLSBase.a(platform_util.c.obj)
                0x00000000000073a4                mbedtls_zeroize_and_free
 .text.platform_calloc_uninit
                0x00000000000073b8        0x4 modules/mbedtls/libmbedTLSBase.a(platform.c.obj)
 .text.platform_exit_uninit
                0x00000000000073bc        0x2 modules/mbedtls/libmbedTLSBase.a(platform.c.obj)
 .text.platform_free_uninit
                0x00000000000073be        0x2 modules/mbedtls/libmbedTLSBase.a(platform.c.obj)
 .text.mbedtls_rsa_import
                0x00000000000073c0       0x86 modules/mbedtls/libmbedTLSBase.a(rsa.c.obj)
                0x00000000000073c0                mbedtls_rsa_import
 .text.mbedtls_rsa_init
                0x0000000000007446       0x14 modules/mbedtls/libmbedTLSBase.a(rsa.c.obj)
                0x0000000000007446                mbedtls_rsa_init
 .text.mbedtls_rsa_get_len
                0x000000000000745a        0x4 modules/mbedtls/libmbedTLSBase.a(rsa.c.obj)
                0x000000000000745a                mbedtls_rsa_get_len
 .text.mbedtls_rsa_free
                0x000000000000745e       0x72 modules/mbedtls/libmbedTLSBase.a(rsa.c.obj)
                0x000000000000745e                mbedtls_rsa_free
 .text.mbedtls_bswap32
                0x00000000000074d0        0x4 modules/mbedtls/libmbedTLSBase.a(sha256.c.obj)
 .text.mbedtls_sha256_init
                0x00000000000074d4        0x8 modules/mbedtls/libmbedTLSBase.a(sha256.c.obj)
                0x00000000000074d4                mbedtls_sha256_init
 .text.mbedtls_sha256_free
                0x00000000000074dc        0xa modules/mbedtls/libmbedTLSBase.a(sha256.c.obj)
                0x00000000000074dc                mbedtls_sha256_free
 .text.mbedtls_sha256_update
                0x00000000000074e6       0x7e modules/mbedtls/libmbedTLSBase.a(sha256.c.obj)
                0x00000000000074e6                mbedtls_sha256_update
 .text.mbedtls_sha256_finish
                0x0000000000007564      0x13e modules/mbedtls/libmbedTLSBase.a(sha256.c.obj)
                0x0000000000007564                mbedtls_sha256_finish
 .text._mbedtls_init
                0x00000000000076a2        0x4 modules/mbedtls/libmbedTLSBase.a(zephyr_init.c.obj)
 .text.nrfx_isr
                0x00000000000076a6        0x2 modules/hal_nordic/modules/hal_nordic/nrfx/libmodules__hal_nordic__nrfx.a(nrfx_glue.c.obj)
                0x00000000000076a6                nrfx_isr
 .text.nrfx_busy_wait
                0x00000000000076a8        0x4 modules/hal_nordic/modules/hal_nordic/nrfx/libmodules__hal_nordic__nrfx.a(nrfx_glue.c.obj)
                0x00000000000076a8                nrfx_busy_wait
 .text.nrfx_gppi_event_endpoint_setup
                0x00000000000076ac        0xa modules/hal_nordic/modules/hal_nordic/nrfx/libmodules__hal_nordic__nrfx.a(nrfx_gppi_dppi.c.obj)
                0x00000000000076ac                nrfx_gppi_event_endpoint_setup
 .text.nrfx_gppi_task_endpoint_setup
                0x00000000000076b6        0xa modules/hal_nordic/modules/hal_nordic/nrfx/libmodules__hal_nordic__nrfx.a(nrfx_gppi_dppi.c.obj)
                0x00000000000076b6                nrfx_gppi_task_endpoint_setup
 .text.nrfx_clock_stop
                0x00000000000076c0        0x4 modules/hal_nordic/modules/hal_nordic/nrfx/libmodules__hal_nordic__nrfx.a(nrfx_clock.c.obj)
                0x00000000000076c0                nrfx_clock_stop
 .text.nrf_gpio_reconfigure
                0x00000000000076c4       0x92 modules/hal_nordic/modules/hal_nordic/nrfx/libmodules__hal_nordic__nrfx.a(nrfx_gpiote.c.obj)
 .text.nrf_gpio_cfg_sense_set
                0x0000000000007756       0x1e modules/hal_nordic/modules/hal_nordic/nrfx/libmodules__hal_nordic__nrfx.a(nrfx_gpiote.c.obj)
 .text.pin_trigger_disable
                0x0000000000007774       0x48 modules/hal_nordic/modules/hal_nordic/nrfx/libmodules__hal_nordic__nrfx.a(nrfx_gpiote.c.obj)
 .text.nrfx_gpiote_pin_uninit
                0x00000000000077bc        0x4 modules/hal_nordic/modules/hal_nordic/nrfx/libmodules__hal_nordic__nrfx.a(nrfx_gpiote.c.obj)
                0x00000000000077bc                nrfx_gpiote_pin_uninit
 .text.nrfx_gpiote_trigger_disable
                0x00000000000077c0        0x4 modules/hal_nordic/modules/hal_nordic/nrfx/libmodules__hal_nordic__nrfx.a(nrfx_gpiote.c.obj)
                0x00000000000077c0                nrfx_gpiote_trigger_disable
 .text.nrfx_nvmc_flash_size_get
                0x00000000000077c4        0x6 modules/hal_nordic/modules/hal_nordic/nrfx/libmodules__hal_nordic__nrfx.a(nrfx_nvmc.c.obj)
                0x00000000000077c4                nrfx_nvmc_flash_size_get
 .text.nrfx_nvmc_flash_page_size_get
                0x00000000000077ca        0x6 modules/hal_nordic/modules/hal_nordic/nrfx/libmodules__hal_nordic__nrfx.a(nrfx_nvmc.c.obj)
                0x00000000000077ca                nrfx_nvmc_flash_page_size_get
 .text.nrfx_nvmc_flash_page_count_get
                0x00000000000077d0        0x6 modules/hal_nordic/modules/hal_nordic/nrfx/libmodules__hal_nordic__nrfx.a(nrfx_nvmc.c.obj)
                0x00000000000077d0                nrfx_nvmc_flash_page_count_get
 .text.qspi_errata_159_conditions_check
                0x00000000000077d6       0x20 modules/hal_nordic/modules/hal_nordic/nrfx/libmodules__hal_nordic__nrfx.a(nrfx_qspi.c.obj)
 .text.nrfx_qspi_write
                0x00000000000077f6        0x6 modules/hal_nordic/modules/hal_nordic/nrfx/libmodules__hal_nordic__nrfx.a(nrfx_qspi.c.obj)
                0x00000000000077f6                nrfx_qspi_write
 .text.nrfx_qspi_read
                0x00000000000077fc        0x6 modules/hal_nordic/modules/hal_nordic/nrfx/libmodules__hal_nordic__nrfx.a(nrfx_qspi.c.obj)
                0x00000000000077fc                nrfx_qspi_read
 .text.nrfx_qspi_chip_erase
                0x0000000000007802        0x8 modules/hal_nordic/modules/hal_nordic/nrfx/libmodules__hal_nordic__nrfx.a(nrfx_qspi.c.obj)
                0x0000000000007802                nrfx_qspi_chip_erase
 .text.z_impl_k_busy_wait
                0x000000000000780a        0x8 zephyr/kernel/libkernel.a(busy_wait.c.obj)
                0x000000000000780a                z_impl_k_busy_wait
 .text.z_device_state_init
                0x0000000000007812        0x2 zephyr/kernel/libkernel.a(device.c.obj)
                0x0000000000007812                z_device_state_init
 .text.z_impl_device_is_ready
                0x0000000000007814       0x16 zephyr/kernel/libkernel.a(device.c.obj)
                0x0000000000007814                z_impl_device_is_ready
 .text.arch_system_halt
                0x000000000000782a       0x10 zephyr/kernel/libkernel.a(fatal.c.obj)
                0x000000000000782a                arch_system_halt
 .text.k_sys_fatal_error_handler
                0x000000000000783a        0x6 zephyr/kernel/libkernel.a(fatal.c.obj)
                0x000000000000783a                k_sys_fatal_error_handler
 .text.z_fatal_error
                0x0000000000007840       0x1e zephyr/kernel/libkernel.a(fatal.c.obj)
                0x0000000000007840                z_fatal_error
 .text.do_device_init
                0x000000000000785e       0x30 zephyr/kernel/libkernel.a(init.c.obj)
 .text.z_early_memset
                0x000000000000788e        0x4 zephyr/kernel/libkernel.a(init.c.obj)
                0x000000000000788e                z_early_memset
 .text.z_early_memcpy
                0x0000000000007892        0x4 zephyr/kernel/libkernel.a(init.c.obj)
                0x0000000000007892                z_early_memcpy
 .text.z_init_static
                0x0000000000007896        0x2 zephyr/kernel/libkernel.a(init_static.c.obj)
                0x0000000000007896                z_init_static
 .text.k_is_in_isr
                0x0000000000007898        0xc zephyr/kernel/libkernel.a(nothread.c.obj)
                0x0000000000007898                k_is_in_isr
 .text.next_timeout
                0x00000000000078a4       0x32 zephyr/kernel/libkernel.a(timeout.c.obj)
 *(SORT_BY_ALIGNMENT(.TEXT.*))
 *(SORT_BY_ALIGNMENT(.gnu.linkonce.t.*))
 *(SORT_BY_ALIGNMENT(.glue_7t))
 .glue_7t       0x00000000000078d6        0x0 linker stubs
 *(SORT_BY_ALIGNMENT(.glue_7))
 .glue_7        0x00000000000078d6        0x0 linker stubs
 *(SORT_BY_ALIGNMENT(.vfp11_veneer))
 .vfp11_veneer  0x00000000000078d6        0x0 linker stubs
 *(SORT_BY_ALIGNMENT(.v4_bx))
 .v4_bx         0x00000000000078d6        0x0 linker stubs
                0x00000000000078d8                . = ALIGN (0x4)
 *fill*         0x00000000000078d6        0x2 
                0x00000000000078d8                __text_region_end = .

.ARM.exidx      0x00000000000078d8        0x8
                0x00000000000078d8                __exidx_start = .
 *(SORT_BY_ALIGNMENT(.ARM.exidx*) SORT_BY_ALIGNMENT(gnu.linkonce.armexidx.*))
 .ARM.exidx     0x00000000000078d8        0x8 /opt/nordic/ncs/toolchains/ef4fc6722e/opt/zephyr-sdk/arm-zephyr-eabi/bin/../lib/gcc/arm-zephyr-eabi/12.2.0/thumb/v8-m.main/nofp/libgcc.a(_udivmoddi4.o)
                0x00000000000078e0                __exidx_end = .
                0x00000000000078e0                __rodata_region_start = .

initlevel       0x00000000000078e0       0x60
                0x00000000000078e0                __init_start = .
                0x00000000000078e0                __init_EARLY_start = .
 *(SORT_BY_NAME(SORT_BY_ALIGNMENT(.z_init_EARLY?_*)))
 *(SORT_BY_NAME(SORT_BY_ALIGNMENT(.z_init_EARLY??_*)))
                0x00000000000078e0                __init_PRE_KERNEL_1_start = .
 *(SORT_BY_NAME(SORT_BY_ALIGNMENT(.z_init_PRE_KERNEL_1?_*)))
 .z_init_PRE_KERNEL_10_0_
                0x00000000000078e0        0x8 zephyr/soc/soc/nrf5340/libsoc__nordic.a(soc.c.obj)
 .z_init_PRE_KERNEL_10_0_
                0x00000000000078e8        0x8 zephyr/soc/soc/nrf5340/libsoc__nordic.a(nrf53_cpunet_mgmt.c.obj)
 *(SORT_BY_NAME(SORT_BY_ALIGNMENT(.z_init_PRE_KERNEL_1??_*)))
 .z_init_PRE_KERNEL_130_00066_
                0x00000000000078f0        0x8 zephyr/drivers/clock_control/libdrivers__clock_control.a(clock_control_nrf.c.obj)
 .z_init_PRE_KERNEL_140_00078_
                0x00000000000078f8        0x8 zephyr/drivers/gpio/libdrivers__gpio.a(gpio_nrfx.c.obj)
 .z_init_PRE_KERNEL_140_00100_
                0x0000000000007900        0x8 zephyr/drivers/gpio/libdrivers__gpio.a(gpio_nrfx.c.obj)
 .z_init_PRE_KERNEL_140_0_
                0x0000000000007908        0x8 modules/nrf/drivers/hw_cc3xx/lib..__nrf__drivers__hw_cc3xx.a(hw_cc3xx.c.obj)
                0x0000000000007910                __init_PRE_KERNEL_2_start = .
 *(SORT_BY_NAME(SORT_BY_ALIGNMENT(.z_init_PRE_KERNEL_2?_*)))
 .z_init_PRE_KERNEL_20_0_
                0x0000000000007910        0x8 zephyr/drivers/timer/libdrivers__timer.a(nrf_rtc_timer.c.obj)
 *(SORT_BY_NAME(SORT_BY_ALIGNMENT(.z_init_PRE_KERNEL_2??_*)))
                0x0000000000007918                __init_POST_KERNEL_start = .
 *(SORT_BY_NAME(SORT_BY_ALIGNMENT(.z_init_POST_KERNEL?_*)))
 .z_init_POST_KERNEL0_0_
                0x0000000000007918        0x8 zephyr/soc/soc/nrf5340/libsoc__nordic.a(soc.c.obj)
 *(SORT_BY_NAME(SORT_BY_ALIGNMENT(.z_init_POST_KERNEL??_*)))
 .z_init_POST_KERNEL40_0_
                0x0000000000007920        0x8 modules/nrf/drivers/hw_cc3xx/lib..__nrf__drivers__hw_cc3xx.a(hw_cc3xx.c.obj)
 .z_init_POST_KERNEL40_0_
                0x0000000000007928        0x8 modules/mbedtls/libmbedTLSBase.a(zephyr_init.c.obj)
 .z_init_POST_KERNEL41_00133_
                0x0000000000007930        0x8 zephyr/drivers/flash/libdrivers__flash.a(nrf_qspi_nor.c.obj)
 .z_init_POST_KERNEL50_00117_
                0x0000000000007938        0x8 zephyr/drivers/flash/libdrivers__flash.a(soc_flash_nrf.c.obj)
                0x0000000000007940                __init_APPLICATION_start = .
 *(SORT_BY_NAME(SORT_BY_ALIGNMENT(.z_init_APPLICATION?_*)))
 *(SORT_BY_NAME(SORT_BY_ALIGNMENT(.z_init_APPLICATION??_*)))
                0x0000000000007940                __init_SMP_start = .
 *(SORT_BY_NAME(SORT_BY_ALIGNMENT(.z_init_SMP?_*)))
 *(SORT_BY_NAME(SORT_BY_ALIGNMENT(.z_init_SMP??_*)))
                0x0000000000007940                __init_end = .
                0x0000000000007940                __deferred_init_list_start = .
 *(SORT_BY_ALIGNMENT(.z_deferred_init*))
                0x0000000000007940                __deferred_init_list_end = .

device_area     0x0000000000007940       0x64
                0x0000000000007940                _device_list_start = .
 *(SORT_BY_NAME(SORT_BY_ALIGNMENT(._device.static.*_?_*)))
 *(SORT_BY_NAME(SORT_BY_ALIGNMENT(._device.static.*_??_*)))
 ._device.static.1_30_
                0x0000000000007940       0x14 zephyr/drivers/clock_control/libdrivers__clock_control.a(clock_control_nrf.c.obj)
                0x0000000000007940                __device_dts_ord_66
 ._device.static.1_40_
                0x0000000000007954       0x28 zephyr/drivers/gpio/libdrivers__gpio.a(gpio_nrfx.c.obj)
                0x0000000000007954                __device_dts_ord_100
                0x0000000000007968                __device_dts_ord_78
 ._device.static.3_41_
                0x000000000000797c       0x14 zephyr/drivers/flash/libdrivers__flash.a(nrf_qspi_nor.c.obj)
                0x000000000000797c                __device_dts_ord_133
 ._device.static.3_50_
                0x0000000000007990       0x14 zephyr/drivers/flash/libdrivers__flash.a(soc_flash_nrf.c.obj)
                0x0000000000007990                __device_dts_ord_117
                0x00000000000079a4                _device_list_end = .

sw_isr_table    0x00000000000079a4      0x228
                0x00000000000079a4                . = ALIGN (0x4)
 *(SORT_BY_ALIGNMENT(.gnu.linkonce.sw_isr_table*))
 .gnu.linkonce.sw_isr_table
                0x00000000000079a4      0x228 zephyr/CMakeFiles/zephyr_final.dir/isr_tables.c.obj
                0x00000000000079a4                _sw_isr_table

initlevel_error
                0x00000000000078e0        0x0
 *(SORT_BY_NAME(SORT_BY_ALIGNMENT(.z_init_[_A-Z0-9]*)))
                0x0000000000000001                ASSERT ((SIZEOF (initlevel_error) == 0x0), Undefined initialization levels used.)

app_shmem_regions
                0x0000000000007bcc        0x0
                0x0000000000007bcc                __app_shmem_regions_start = .
 *(SORT_BY_NAME(SORT_BY_ALIGNMENT(.app_regions.*)))
                0x0000000000007bcc                __app_shmem_regions_end = .

k_p4wq_initparam_area
                0x0000000000007bcc        0x0
                0x0000000000007bcc                _k_p4wq_initparam_list_start = .
 *(SORT_BY_NAME(SORT_BY_ALIGNMENT(._k_p4wq_initparam.static.*)))
                0x0000000000007bcc                _k_p4wq_initparam_list_end = .

_static_thread_data_area
                0x0000000000007bcc        0x0
                0x0000000000007bcc                __static_thread_data_list_start = .
 *(SORT_BY_NAME(SORT_BY_ALIGNMENT(.__static_thread_data.static.*)))
                0x0000000000007bcc                __static_thread_data_list_end = .

device_deps     0x0000000000007bcc        0x0
                0x0000000000007bcc                __device_deps_start = .
 *(SORT_BY_NAME(SORT_BY_ALIGNMENT(.__device_deps_pass2*)))
                0x0000000000007bcc                __device_deps_end = .

flash_driver_api_area
                0x0000000000007bcc       0x30
                0x0000000000007bcc                _flash_driver_api_list_start = .
 *(SORT_BY_NAME(SORT_BY_ALIGNMENT(._flash_driver_api.static.*)))
 ._flash_driver_api.static.flash_nrf_api_
                0x0000000000007bcc       0x18 zephyr/drivers/flash/libdrivers__flash.a(soc_flash_nrf.c.obj)
 ._flash_driver_api.static.qspi_nor_api_
                0x0000000000007be4       0x18 zephyr/drivers/flash/libdrivers__flash.a(nrf_qspi_nor.c.obj)
                0x0000000000007bfc                _flash_driver_api_list_end = .

gpio_driver_api_area
                0x0000000000007bfc       0x24
                0x0000000000007bfc                _gpio_driver_api_list_start = .
 *(SORT_BY_NAME(SORT_BY_ALIGNMENT(._gpio_driver_api.static.*)))
 ._gpio_driver_api.static.gpio_nrfx_drv_api_funcs_
                0x0000000000007bfc       0x24 zephyr/drivers/gpio/libdrivers__gpio.a(gpio_nrfx.c.obj)
                0x0000000000007c20                _gpio_driver_api_list_end = .

shared_irq_driver_api_area
                0x0000000000007c20        0x0
                0x0000000000007c20                _shared_irq_driver_api_list_start = .
 *(SORT_BY_NAME(SORT_BY_ALIGNMENT(._shared_irq_driver_api.static.*)))
                0x0000000000007c20                _shared_irq_driver_api_list_end = .

crypto_driver_api_area
                0x0000000000007c20        0x0
                0x0000000000007c20                _crypto_driver_api_list_start = .
 *(SORT_BY_NAME(SORT_BY_ALIGNMENT(._crypto_driver_api.static.*)))
                0x0000000000007c20                _crypto_driver_api_list_end = .

adc_driver_api_area
                0x0000000000007c20        0x0
                0x0000000000007c20                _adc_driver_api_list_start = .
 *(SORT_BY_NAME(SORT_BY_ALIGNMENT(._adc_driver_api.static.*)))
                0x0000000000007c20                _adc_driver_api_list_end = .

auxdisplay_driver_api_area
                0x0000000000007c20        0x0
                0x0000000000007c20                _auxdisplay_driver_api_list_start = .
 *(SORT_BY_NAME(SORT_BY_ALIGNMENT(._auxdisplay_driver_api.static.*)))
                0x0000000000007c20                _auxdisplay_driver_api_list_end = .

bbram_driver_api_area
                0x0000000000007c20        0x0
                0x0000000000007c20                _bbram_driver_api_list_start = .
 *(SORT_BY_NAME(SORT_BY_ALIGNMENT(._bbram_driver_api.static.*)))
                0x0000000000007c20                _bbram_driver_api_list_end = .

bt_hci_driver_api_area
                0x0000000000007c20        0x0
                0x0000000000007c20                _bt_hci_driver_api_list_start = .
 *(SORT_BY_NAME(SORT_BY_ALIGNMENT(._bt_hci_driver_api.static.*)))
                0x0000000000007c20                _bt_hci_driver_api_list_end = .

can_driver_api_area
                0x0000000000007c20        0x0
                0x0000000000007c20                _can_driver_api_list_start = .
 *(SORT_BY_NAME(SORT_BY_ALIGNMENT(._can_driver_api.static.*)))
                0x0000000000007c20                _can_driver_api_list_end = .

cellular_driver_api_area
                0x0000000000007c20        0x0
                0x0000000000007c20                _cellular_driver_api_list_start = .
 *(SORT_BY_NAME(SORT_BY_ALIGNMENT(._cellular_driver_api.static.*)))
                0x0000000000007c20                _cellular_driver_api_list_end = .

charger_driver_api_area
                0x0000000000007c20        0x0
                0x0000000000007c20                _charger_driver_api_list_start = .
 *(SORT_BY_NAME(SORT_BY_ALIGNMENT(._charger_driver_api.static.*)))
                0x0000000000007c20                _charger_driver_api_list_end = .

clock_control_driver_api_area
                0x0000000000007c20       0x1c
                0x0000000000007c20                _clock_control_driver_api_list_start = .
 *(SORT_BY_NAME(SORT_BY_ALIGNMENT(._clock_control_driver_api.static.*)))
 ._clock_control_driver_api.static.clock_control_api_
                0x0000000000007c20       0x1c zephyr/drivers/clock_control/libdrivers__clock_control.a(clock_control_nrf.c.obj)
                0x0000000000007c3c                _clock_control_driver_api_list_end = .

comparator_driver_api_area
                0x0000000000007c3c        0x0
                0x0000000000007c3c                _comparator_driver_api_list_start = .
 *(SORT_BY_NAME(SORT_BY_ALIGNMENT(._comparator_driver_api.static.*)))
                0x0000000000007c3c                _comparator_driver_api_list_end = .

coredump_driver_api_area
                0x0000000000007c3c        0x0
                0x0000000000007c3c                _coredump_driver_api_list_start = .
 *(SORT_BY_NAME(SORT_BY_ALIGNMENT(._coredump_driver_api.static.*)))
                0x0000000000007c3c                _coredump_driver_api_list_end = .

counter_driver_api_area
                0x0000000000007c3c        0x0
                0x0000000000007c3c                _counter_driver_api_list_start = .
 *(SORT_BY_NAME(SORT_BY_ALIGNMENT(._counter_driver_api.static.*)))
                0x0000000000007c3c                _counter_driver_api_list_end = .

dac_driver_api_area
                0x0000000000007c3c        0x0
                0x0000000000007c3c                _dac_driver_api_list_start = .
 *(SORT_BY_NAME(SORT_BY_ALIGNMENT(._dac_driver_api.static.*)))
                0x0000000000007c3c                _dac_driver_api_list_end = .

dai_driver_api_area
                0x0000000000007c3c        0x0
                0x0000000000007c3c                _dai_driver_api_list_start = .
 *(SORT_BY_NAME(SORT_BY_ALIGNMENT(._dai_driver_api.static.*)))
                0x0000000000007c3c                _dai_driver_api_list_end = .

display_driver_api_area
                0x0000000000007c3c        0x0
                0x0000000000007c3c                _display_driver_api_list_start = .
 *(SORT_BY_NAME(SORT_BY_ALIGNMENT(._display_driver_api.static.*)))
                0x0000000000007c3c                _display_driver_api_list_end = .

dma_driver_api_area
                0x0000000000007c3c        0x0
                0x0000000000007c3c                _dma_driver_api_list_start = .
 *(SORT_BY_NAME(SORT_BY_ALIGNMENT(._dma_driver_api.static.*)))
                0x0000000000007c3c                _dma_driver_api_list_end = .

edac_driver_api_area
                0x0000000000007c3c        0x0
                0x0000000000007c3c                _edac_driver_api_list_start = .
 *(SORT_BY_NAME(SORT_BY_ALIGNMENT(._edac_driver_api.static.*)))
                0x0000000000007c3c                _edac_driver_api_list_end = .

eeprom_driver_api_area
                0x0000000000007c3c        0x0
                0x0000000000007c3c                _eeprom_driver_api_list_start = .
 *(SORT_BY_NAME(SORT_BY_ALIGNMENT(._eeprom_driver_api.static.*)))
                0x0000000000007c3c                _eeprom_driver_api_list_end = .

emul_bbram_driver_api_area
                0x0000000000007c3c        0x0
                0x0000000000007c3c                _emul_bbram_driver_api_list_start = .
 *(SORT_BY_NAME(SORT_BY_ALIGNMENT(._emul_bbram_driver_api.static.*)))
                0x0000000000007c3c                _emul_bbram_driver_api_list_end = .

fuel_gauge_emul_driver_api_area
                0x0000000000007c3c        0x0
                0x0000000000007c3c                _fuel_gauge_emul_driver_api_list_start = .
 *(SORT_BY_NAME(SORT_BY_ALIGNMENT(._fuel_gauge_emul_driver_api.static.*)))
                0x0000000000007c3c                _fuel_gauge_emul_driver_api_list_end = .

emul_sensor_driver_api_area
                0x0000000000007c3c        0x0
                0x0000000000007c3c                _emul_sensor_driver_api_list_start = .
 *(SORT_BY_NAME(SORT_BY_ALIGNMENT(._emul_sensor_driver_api.static.*)))
                0x0000000000007c3c                _emul_sensor_driver_api_list_end = .

entropy_driver_api_area
                0x0000000000007c3c        0x0
                0x0000000000007c3c                _entropy_driver_api_list_start = .
 *(SORT_BY_NAME(SORT_BY_ALIGNMENT(._entropy_driver_api.static.*)))
                0x0000000000007c3c                _entropy_driver_api_list_end = .

espi_driver_api_area
                0x0000000000007c3c        0x0
                0x0000000000007c3c                _espi_driver_api_list_start = .
 *(SORT_BY_NAME(SORT_BY_ALIGNMENT(._espi_driver_api.static.*)))
                0x0000000000007c3c                _espi_driver_api_list_end = .

espi_saf_driver_api_area
                0x0000000000007c3c        0x0
                0x0000000000007c3c                _espi_saf_driver_api_list_start = .
 *(SORT_BY_NAME(SORT_BY_ALIGNMENT(._espi_saf_driver_api.static.*)))
                0x0000000000007c3c                _espi_saf_driver_api_list_end = .

fpga_driver_api_area
                0x0000000000007c3c        0x0
                0x0000000000007c3c                _fpga_driver_api_list_start = .
 *(SORT_BY_NAME(SORT_BY_ALIGNMENT(._fpga_driver_api.static.*)))
                0x0000000000007c3c                _fpga_driver_api_list_end = .

fuel_gauge_driver_api_area
                0x0000000000007c3c        0x0
                0x0000000000007c3c                _fuel_gauge_driver_api_list_start = .
 *(SORT_BY_NAME(SORT_BY_ALIGNMENT(._fuel_gauge_driver_api.static.*)))
                0x0000000000007c3c                _fuel_gauge_driver_api_list_end = .

gnss_driver_api_area
                0x0000000000007c3c        0x0
                0x0000000000007c3c                _gnss_driver_api_list_start = .
 *(SORT_BY_NAME(SORT_BY_ALIGNMENT(._gnss_driver_api.static.*)))
                0x0000000000007c3c                _gnss_driver_api_list_end = .

haptics_driver_api_area
                0x0000000000007c3c        0x0
                0x0000000000007c3c                _haptics_driver_api_list_start = .
 *(SORT_BY_NAME(SORT_BY_ALIGNMENT(._haptics_driver_api.static.*)))
                0x0000000000007c3c                _haptics_driver_api_list_end = .

hwspinlock_driver_api_area
                0x0000000000007c3c        0x0
                0x0000000000007c3c                _hwspinlock_driver_api_list_start = .
 *(SORT_BY_NAME(SORT_BY_ALIGNMENT(._hwspinlock_driver_api.static.*)))
                0x0000000000007c3c                _hwspinlock_driver_api_list_end = .

i2c_driver_api_area
                0x0000000000007c3c        0x0
                0x0000000000007c3c                _i2c_driver_api_list_start = .
 *(SORT_BY_NAME(SORT_BY_ALIGNMENT(._i2c_driver_api.static.*)))
                0x0000000000007c3c                _i2c_driver_api_list_end = .

i2c_target_driver_api_area
                0x0000000000007c3c        0x0
                0x0000000000007c3c                _i2c_target_driver_api_list_start = .
 *(SORT_BY_NAME(SORT_BY_ALIGNMENT(._i2c_target_driver_api.static.*)))
                0x0000000000007c3c                _i2c_target_driver_api_list_end = .

i2s_driver_api_area
                0x0000000000007c3c        0x0
                0x0000000000007c3c                _i2s_driver_api_list_start = .
 *(SORT_BY_NAME(SORT_BY_ALIGNMENT(._i2s_driver_api.static.*)))
                0x0000000000007c3c                _i2s_driver_api_list_end = .

i3c_driver_api_area
                0x0000000000007c3c        0x0
                0x0000000000007c3c                _i3c_driver_api_list_start = .
 *(SORT_BY_NAME(SORT_BY_ALIGNMENT(._i3c_driver_api.static.*)))
                0x0000000000007c3c                _i3c_driver_api_list_end = .

ipm_driver_api_area
                0x0000000000007c3c        0x0